ARM Linker, 5.03 [Build 76] [MDK-ARM Lite]

==============================================================================

Section Cross References

    lab2.o(i.BackgroundThread1c) refers to os.o(i.OS_Signal) for OS_Signal
    lab2.o(i.BackgroundThread1c) refers to lab2.o(.data) for Count1
    lab2.o(i.BackgroundThread1d) refers to os.o(i.OS_bSignal) for OS_bSignal
    lab2.o(i.BackgroundThread1d) refers to lab2.o(.data) for i
    lab2.o(i.BackgroundThread5c) refers to os.o(i.OS_AddThread) for OS_AddThread
    lab2.o(i.BackgroundThread5c) refers to lab2.o(i.Thread4c) for Thread4c
    lab2.o(i.BackgroundThread5c) refers to lab2.o(.data) for NumCreated
    lab2.o(i.BackgroundThread5d) refers to os.o(i.OS_AddThread) for OS_AddThread
    lab2.o(i.BackgroundThread5d) refers to lab2.o(i.Thread4d) for Thread4d
    lab2.o(i.BackgroundThread5d) refers to lab2.o(.data) for NumCreated
    lab2.o(i.ButtonWork) refers to os.o(i.OS_Id) for OS_Id
    lab2.o(i.ButtonWork) refers to st7735.o(i.ST7735_Message) for ST7735_Message
    lab2.o(i.ButtonWork) refers to os.o(i.OS_Sleep) for OS_Sleep
    lab2.o(i.ButtonWork) refers to os.o(i.OS_Kill) for OS_Kill
    lab2.o(i.ButtonWork) refers to lab2.o(.data) for NumCreated
    lab2.o(i.Consumer) refers to os.o(i.OS_Id) for OS_Id
    lab2.o(i.Consumer) refers to os.o(i.OS_AddThread) for OS_AddThread
    lab2.o(i.Consumer) refers to os.o(i.OS_Fifo_Get) for OS_Fifo_Get
    lab2.o(i.Consumer) refers to cr4_fft_64_stm32.o(.text) for cr4_fft_64_stm32
    lab2.o(i.Consumer) refers to os.o(i.OS_MailBox_Send) for OS_MailBox_Send
    lab2.o(i.Consumer) refers to os.o(i.OS_Kill) for OS_Kill
    lab2.o(i.Consumer) refers to lab2.o(i.Display) for Display
    lab2.o(i.Consumer) refers to lab2.o(.data) for NumCreated
    lab2.o(i.Consumer) refers to lab2.o(.bss) for x
    lab2.o(i.DAS) refers to os.o(i.OS_Time) for OS_Time
    lab2.o(i.DAS) refers to lab2.o(i.Filter) for Filter
    lab2.o(i.DAS) refers to os.o(i.OS_TimeDifference) for OS_TimeDifference
    lab2.o(i.DAS) refers to lab2.o(.data) for NumSamples
    lab2.o(i.DAS) refers to lab2.o(.bss) for JitterHistogram
    lab2.o(i.Display) refers to st7735.o(i.ST7735_Message) for ST7735_Message
    lab2.o(i.Display) refers to os.o(i.OS_MailBox_Recv) for OS_MailBox_Recv
    lab2.o(i.Display) refers to os.o(i.OS_Kill) for OS_Kill
    lab2.o(i.Display) refers to lab2.o(.data) for NumSamples
    lab2.o(i.Filter) refers to lab2.o(.data) for n
    lab2.o(i.Filter) refers to lab2.o(.bss) for x
    lab2.o(i.OutputThread) refers to uart2.o(i.UART_OutString) for UART_OutString
    lab2.o(i.OutputThread) refers to os.o(i.OS_Sleep) for OS_Sleep
    lab2.o(i.OutputThread) refers to uart2.o(i.UART_OutUDec) for UART_OutUDec
    lab2.o(i.OutputThread) refers to os.o(i.OS_Kill) for OS_Kill
    lab2.o(i.OutputThread) refers to lab2.o(.data) for SignalCount1
    lab2.o(i.PID) refers to os.o(i.OS_Id) for OS_Id
    lab2.o(i.PID) refers to pid_stm32.o(.text) for PID_stm32
    lab2.o(i.PID) refers to lab2.o(.data) for PIDWork
    lab2.o(i.Producer) refers to os.o(i.OS_Fifo_Put) for OS_Fifo_Put
    lab2.o(i.Producer) refers to lab2.o(.data) for NumSamples
    lab2.o(i.PseudoWork) refers to os.o(i.OS_Time) for OS_Time
    lab2.o(i.PseudoWork) refers to os.o(i.OS_TimeDifference) for OS_TimeDifference
    lab2.o(i.SW1Push) refers to os.o(i.OS_MsTime) for OS_MsTime
    lab2.o(i.SW1Push) refers to os.o(i.OS_AddThread) for OS_AddThread
    lab2.o(i.SW1Push) refers to os.o(i.OS_ClearMsTime) for OS_ClearMsTime
    lab2.o(i.SW1Push) refers to lab2.o(i.ButtonWork) for ButtonWork
    lab2.o(i.SW1Push) refers to lab2.o(.data) for NumCreated
    lab2.o(i.SW2Push) refers to os.o(i.OS_MsTime) for OS_MsTime
    lab2.o(i.SW2Push) refers to os.o(i.OS_AddThread) for OS_AddThread
    lab2.o(i.SW2Push) refers to os.o(i.OS_ClearMsTime) for OS_ClearMsTime
    lab2.o(i.SW2Push) refers to lab2.o(i.ButtonWork) for ButtonWork
    lab2.o(i.SW2Push) refers to lab2.o(.data) for NumCreated
    lab2.o(i.Signal1) refers to os.o(i.OS_Signal) for OS_Signal
    lab2.o(i.Signal1) refers to lab2.o(.data) for SignalCount1
    lab2.o(i.Signal2) refers to os.o(i.OS_Signal) for OS_Signal
    lab2.o(i.Signal2) refers to lab2.o(.data) for SignalCount2
    lab2.o(i.Signal3) refers to os.o(i.OS_Signal) for OS_Signal
    lab2.o(i.Signal3) refers to os.o(i.OS_Kill) for OS_Kill
    lab2.o(i.Signal3) refers to lab2.o(.data) for s
    lab2.o(i.TaskA) refers to lab2.o(i.PseudoWork) for PseudoWork
    lab2.o(i.TaskA) refers to lab2.o(.data) for CountA
    lab2.o(i.TaskB) refers to lab2.o(i.PseudoWork) for PseudoWork
    lab2.o(i.TaskB) refers to lab2.o(.data) for CountB
    lab2.o(i.Testmain1) refers to os.o(i.OS_Init) for OS_Init
    lab2.o(i.Testmain1) refers to lab2.o(i.PortE_Init) for PortE_Init
    lab2.o(i.Testmain1) refers to os.o(i.OS_AddThread) for OS_AddThread
    lab2.o(i.Testmain1) refers to os.o(i.OS_Launch) for OS_Launch
    lab2.o(i.Testmain1) refers to lab2.o(.data) for NumCreated
[...]
    lab2.o(i.Testmain5) refers to os.o(i.OS_Launch) for OS_Launch
    lab2.o(i.Testmain5) refers to lab2.o(.data) for NumCreated
    lab2.o(i.Testmain5) refers to lab2.o(i.Thread6) for Thread6
    lab2.o(i.Testmain5) refers to lab2.o(i.Thread7) for Thread7
    lab2.o(i.Testmain5) refers to lab2.o(i.TaskA) for TaskA
    lab2.o(i.Testmain5) refers to lab2.o(i.TaskB) for TaskB
    lab2.o(i.Testmain6) refers to os.o(i.OS_Init) for OS_Init
    lab2.o(i.Testmain6) refers to lab2.o(i.add) for add
    lab2.o(i.Testmain6) refers to lab2.o(i.PortE_Init) for PortE_Init
    lab2.o(i.Testmain6) refers to os.o(i.OS_InitSemaphore) for OS_InitSemaphore
    lab2.o(i.Testmain6) refers to os.o(i.OS_AddPeriodicThread) for OS_AddPeriodicThread
    lab2.o(i.Testmain6) refers to os.o(i.OS_AddThread) for OS_AddThread
    lab2.o(i.Testmain6) refers to os.o(i.OS_Launch) for OS_Launch
    lab2.o(i.Testmain6) refers to lab2.o(.data) for SignalCount1
    lab2.o(i.Testmain6) refers to lab2.o(i.Signal1) for Signal1
    lab2.o(i.Testmain6) refers to lab2.o(i.Signal2) for Signal2
    lab2.o(i.Testmain6) refers to lab2.o(i.Thread6) for Thread6
    lab2.o(i.Testmain6) refers to lab2.o(i.OutputThread) for OutputThread
    lab2.o(i.Testmain6) refers to lab2.o(i.Signal3) for Signal3
    lab2.o(i.Testmain6) refers to lab2.o(i.Wait1) for Wait1
    lab2.o(i.Testmain6) refers to lab2.o(i.Wait2) for Wait2
    lab2.o(i.Testmain6) refers to lab2.o(i.Wait3) for Wait3
    lab2.o(i.Testmain7) refers to lab2.o(i.PortE_Init) for PortE_Init
    lab2.o(i.Testmain7) refers to os.o(i.OS_Init) for OS_Init
    lab2.o(i.Testmain7) refers to os.o(i.OS_AddThread) for OS_AddThread
    lab2.o(i.Testmain7) refers to os.o(i.OS_Launch) for OS_Launch
    lab2.o(i.Testmain7) refers to lab2.o(.data) for NumCreated
    lab2.o(i.Testmain7) refers to lab2.o(i.Thread8) for Thread8
    lab2.o(i.Thread1) refers to os.o(i.OS_Suspend) for OS_Suspend
    lab2.o(i.Thread1) refers to lab2.o(.data) for Count1
    lab2.o(i.Thread1b) refers to lab2.o(.data) for Count1
    lab2.o(i.Thread2) refers to os.o(i.OS_Suspend) for OS_Suspend
    lab2.o(i.Thread2) refers to lab2.o(.data) for Count2
    lab2.o(i.Thread2b) refers to lab2.o(.data) for Count2
    lab2.o(i.Thread2c) refers to os.o(i.OS_InitSemaphore) for OS_InitSemaphore
    lab2.o(i.Thread2c) refers to os.o(i.OS_AddThread) for OS_AddThread
    lab2.o(i.Thread2c) refers to os.o(i.OS_AddPeriodicThread) for OS_AddPeriodicThread
    lab2.o(i.Thread2c) refers to os.o(i.OS_Wait) for OS_Wait
    lab2.o(i.Thread2c) refers to lab2.o(.data) for Readyc
    lab2.o(i.Thread2c) refers to lab2.o(i.Thread5c) for Thread5c
    lab2.o(i.Thread2c) refers to lab2.o(i.BackgroundThread1c) for BackgroundThread1c
    lab2.o(i.Thread2d) refers to os.o(i.OS_InitSemaphore) for OS_InitSemaphore
    lab2.o(i.Thread2d) refers to os.o(i.OS_bWait) for OS_bWait
    lab2.o(i.Thread2d) refers to lab2.o(.data) for Readyd
    lab2.o(i.Thread3) refers to os.o(i.OS_Suspend) for OS_Suspend
    lab2.o(i.Thread3) refers to lab2.o(.data) for Count3
    lab2.o(i.Thread3b) refers to lab2.o(.data) for Count3
    lab2.o(i.Thread3c) refers to lab2.o(.data) for Count3
    lab2.o(i.Thread3d) refers to lab2.o(.data) for Count3
    lab2.o(i.Thread4c) refers to os.o(i.OS_Sleep) for OS_Sleep
    lab2.o(i.Thread4c) refers to os.o(i.OS_Kill) for OS_Kill
    lab2.o(i.Thread4c) refers to lab2.o(.data) for Count4
    lab2.o(i.Thread4d) refers to os.o(i.OS_Sleep) for OS_Sleep
    lab2.o(i.Thread4d) refers to os.o(i.OS_Kill) for OS_Kill
    lab2.o(i.Thread4d) refers to lab2.o(.data) for Count4
    lab2.o(i.Thread5c) refers to os.o(i.OS_Wait) for OS_Wait
    lab2.o(i.Thread5c) refers to lab2.o(.data) for Readyc
    lab2.o(i.Thread6) refers to lab2.o(.data) for Count1
    lab2.o(i.Thread7) refers to uart2.o(i.UART_OutString) for UART_OutString
    lab2.o(i.Thread7) refers to os.o(i.OS_Sleep) for OS_Sleep
    lab2.o(i.Thread7) refers to lab2.o(i.Jitter) for Jitter
    lab2.o(i.Thread7) refers to os.o(i.OS_Kill) for OS_Kill
    lab2.o(i.Wait1) refers to os.o(i.OS_Wait) for OS_Wait
    lab2.o(i.Wait1) refers to lab2.o(.data) for s
    lab2.o(i.Wait2) refers to os.o(i.OS_Wait) for OS_Wait
    lab2.o(i.Wait2) refers to lab2.o(.data) for s
    lab2.o(i.Wait3) refers to os.o(i.OS_Wait) for OS_Wait
    lab2.o(i.Wait3) refers to lab2.o(.data) for s
    lab2.o(i.add) refers to lab2.o(.data) for result
    lab2.o(i.main) refers to os.o(i.OS_Init) for OS_Init
    lab2.o(i.main) refers to lab2.o(i.PortE_Init) for PortE_Init
    lab2.o(i.main) refers to os.o(i.OS_MailBox_Init) for OS_MailBox_Init
    lab2.o(i.main) refers to os.o(i.OS_Fifo_Init) for OS_Fifo_Init
    lab2.o(i.main) refers to os.o(i.OS_AddSW1Task) for OS_AddSW1Task
    lab2.o(i.main) refers to adc.o(i.ADC_Open) for ADC_Open
    lab2.o(i.main) refers to os.o(i.OS_AddPeriodicThread) for OS_AddPeriodicThread
    lab2.o(i.main) refers to os.o(i.OS_AddThread) for OS_AddThread
    lab2.o(i.main) refers to os.o(i.OS_Launch) for OS_Launch
    lab2.o(i.main) refers to lab2.o(.data) for DataLost
    lab2.o(i.main) refers to lab2.o(i.SW1Push) for SW1Push
    lab2.o(i.main) refers to lab2.o(i.DAS) for DAS
    lab2.o(i.main) refers to lab2.o(i.Interpreter) for Interpreter
    lab2.o(i.main) refers to lab2.o(i.Consumer) for Consumer
    lab2.o(i.main) refers to lab2.o(i.PID) for PID
    adc.o(i.ADC0Seq3_Handler) refers to adc.o(.bss) for DataBuffer
    adc.o(i.ADC0Seq3_Handler) refers to adc.o(.data) for ADCvalue
    adc.o(i.ADC_Collect) refers to adc.o(i.ADC_Open) for ADC_Open
    adc.o(i.ADC_Collect) refers to startup.o(.text) for DisableInterrupts
    adc.o(i.ADC_Collect) refers to adc.o(i.timerPeriod) for timerPeriod
    adc.o(i.ADC_Collect) refers to adc.o(i.ADC_Init) for ADC_Init
    adc.o(i.ADC_Collect) refers to adc.o(i.ADC_In) for ADC_In
    adc.o(i.ADC_Collect) refers to adc.o(.bss) for DataBuffer
    adc.o(i.ADC_In) refers to adc.o(.data) for ADCvalue
    st7735.o(i.ST7735_ClearDisplay) refers to st7735.o(i.ST7735_FillRect) for ST7735_FillRect
    st7735.o(i.ST7735_ClearDisplay) refers to st7735.o(i.ST7735_DrawFastHLine) for ST7735_DrawFastHLine
    st7735.o(i.ST7735_ClearDisplay) refers to st7735.o(.data) for _height
    st7735.o(i.ST7735_ClearLine) refers to st7735.o(i.ST7735_FillRect) for ST7735_FillRect
    st7735.o(i.ST7735_ClearLine) refers to st7735.o(i.ST7735_DrawFastHLine) for ST7735_DrawFastHLine
    st7735.o(i.ST7735_ClearLine) refers to st7735.o(.data) for _width
    st7735.o(i.ST7735_DrawBitmap) refers to st7735.o(i.setAddrWindow) for setAddrWindow
    st7735.o(i.ST7735_DrawBitmap) refers to st7735.o(i.writedata) for writedata
    st7735.o(i.ST7735_DrawBitmap) refers to st7735.o(.data) for _width
    st7735.o(i.ST7735_DrawChar) refers to st7735.o(i.setAddrWindow) for setAddrWindow
    st7735.o(i.ST7735_DrawChar) refers to st7735.o(i.pushColor) for pushColor
    st7735.o(i.ST7735_DrawChar) refers to st7735.o(.data) for _width
    st7735.o(i.ST7735_DrawChar) refers to st7735.o(.constdata) for Font
    st7735.o(i.ST7735_DrawCharS) refers to st7735.o(i.ST7735_DrawPixel) for ST7735_DrawPixel
    st7735.o(i.ST7735_DrawCharS) refers to st7735.o(i.ST7735_FillRect) for ST7735_FillRect
    st7735.o(i.ST7735_DrawCharS) refers to st7735.o(.data) for _width
    st7735.o(i.ST7735_DrawCharS) refers to st7735.o(.constdata) for Font
    st7735.o(i.ST7735_DrawFastHLine) refers to st7735.o(i.setAddrWindow) for setAddrWindow
    st7735.o(i.ST7735_DrawFastHLine) refers to st7735.o(i.writedata) for writedata
    st7735.o(i.ST7735_DrawFastHLine) refers to st7735.o(.data) for _width
    st7735.o(i.ST7735_DrawFastVLine) refers to st7735.o(i.setAddrWindow) for setAddrWindow
    st7735.o(i.ST7735_DrawFastVLine) refers to st7735.o(i.writedata) for writedata
    st7735.o(i.ST7735_DrawFastVLine) refers to st7735.o(.data) for _width
    st7735.o(i.ST7735_DrawPixel) refers to st7735.o(i.setAddrWindow) for setAddrWindow
    st7735.o(i.ST7735_DrawPixel) refers to st7735.o(i.pushColor) for pushColor
    st7735.o(i.ST7735_DrawPixel) refers to st7735.o(.data) for _width
    st7735.o(i.ST7735_FillRect) refers to st7735.o(i.setAddrWindow) for setAddrWindow
    st7735.o(i.ST7735_FillRect) refers to st7735.o(i.writedata) for writedata
    st7735.o(i.ST7735_FillRect) refers to st7735.o(.data) for _width
    st7735.o(i.ST7735_FillScreen) refers to st7735.o(i.ST7735_FillRect) for ST7735_FillRect
    st7735.o(i.ST7735_FillScreen) refers to st7735.o(.data) for _height
    st7735.o(i.ST7735_InitB) refers to st7735.o(i.commonInit) for commonInit
    st7735.o(i.ST7735_InitB) refers to st7735.o(.constdata) for Bcmd
    st7735.o(i.ST7735_InitR) refers to st7735.o(i.commonInit) for commonInit
    st7735.o(i.ST7735_InitR) refers to st7735.o(i.commandList) for commandList
    st7735.o(i.ST7735_InitR) refers to st7735.o(i.writecommand) for writecommand
    st7735.o(i.ST7735_InitR) refers to st7735.o(i.writedata) for writedata
    st7735.o(i.ST7735_InitR) refers to st7735.o(i.ST7735_FillScreen) for ST7735_FillScreen
    st7735.o(i.ST7735_InitR) refers to st7735.o(i.ST7735_DrawFastHLine) for ST7735_DrawFastHLine
    st7735.o(i.ST7735_InitR) refers to st7735.o(.constdata) for Rcmd1
    st7735.o(i.ST7735_InitR) refers to st7735.o(.data) for ColStart
    st7735.o(i.ST7735_InvertDisplay) refers to st7735.o(i.writecommand) for writecommand
    st7735.o(i.ST7735_Message) refers to st7735.o(i.ST7735_DrawChar) for ST7735_DrawChar
    st7735.o(i.ST7735_Message) refers to st7735.o(i.findDigits) for findDigits
    st7735.o(i.ST7735_SetRotation) refers to st7735.o(i.writecommand) for writecommand
    st7735.o(i.ST7735_SetRotation) refers to st7735.o(i.writedata) for writedata
    st7735.o(i.ST7735_SetRotation) refers to st7735.o(.data) for Rotation
    st7735.o(i.commandList) refers to st7735.o(i.writecommand) for writecommand
    st7735.o(i.commandList) refers to st7735.o(i.writedata) for writedata
    st7735.o(i.commandList) refers to systick.o(i.SysTick_Wait1ms) for SysTick_Wait1ms
    st7735.o(i.commonInit) refers to systick.o(i.SysTick_Init) for SysTick_Init
    st7735.o(i.commonInit) refers to systick.o(i.SysTick_Wait1ms) for SysTick_Wait1ms
    st7735.o(i.commonInit) refers to st7735.o(i.commandList) for commandList
    st7735.o(i.commonInit) refers to st7735.o(.data) for RowStart
    st7735.o(i.pushColor) refers to st7735.o(i.writedata) for writedata
    st7735.o(i.setAddrWindow) refers to st7735.o(i.writecommand) for writecommand
    st7735.o(i.setAddrWindow) refers to st7735.o(i.writedata) for writedata
    st7735.o(i.setAddrWindow) refers to st7735.o(.data) for ColStart
    uart2.o(i.RxFifo_Get) refers to uart2.o(.data) for RxPutI
    uart2.o(i.RxFifo_Get) refers to uart2.o(.bss) for RxFifo
    uart2.o(i.RxFifo_Init) refers to startup.o(.text) for StartCritical
    uart2.o(i.RxFifo_Init) refers to uart2.o(.data) for RxGetI
    uart2.o(i.RxFifo_Put) refers to uart2.o(.data) for RxPutI
    uart2.o(i.RxFifo_Put) refers to uart2.o(.bss) for RxFifo
    uart2.o(i.RxFifo_Size) refers to uart2.o(.data) for RxPutI
    uart2.o(i.TxFifo_Get) refers to uart2.o(.data) for TxPutI
    uart2.o(i.TxFifo_Get) refers to uart2.o(.bss) for TxFifo
    uart2.o(i.TxFifo_Init) refers to startup.o(.text) for StartCritical
    uart2.o(i.TxFifo_Init) refers to uart2.o(.data) for TxGetI
    uart2.o(i.TxFifo_Put) refers to uart2.o(.data) for TxPutI
    uart2.o(i.TxFifo_Put) refers to uart2.o(.bss) for TxFifo
    uart2.o(i.TxFifo_Size) refers to uart2.o(.data) for TxPutI
    uart2.o(i.UART0_Handler) refers to uart2.o(i.copySoftwareToHardware) for copySoftwareToHardware
    uart2.o(i.UART0_Handler) refers to uart2.o(i.TxFifo_Size) for TxFifo_Size
    uart2.o(i.UART0_Handler) refers to uart2.o(i.copyHardwareToSoftware) for copyHardwareToSoftware
    uart2.o(i.UART_InChar) refers to uart2.o(i.RxFifo_Get) for RxFifo_Get
    uart2.o(i.UART_InString) refers to uart2.o(i.UART_InChar) for UART_InChar
    uart2.o(i.UART_InString) refers to uart2.o(i.UART_OutChar) for UART_OutChar
    uart2.o(i.UART_InUDec) refers to uart2.o(i.UART_InChar) for UART_InChar
    uart2.o(i.UART_InUDec) refers to uart2.o(i.UART_OutChar) for UART_OutChar
    uart2.o(i.UART_InUHex) refers to uart2.o(i.UART_InChar) for UART_InChar
    uart2.o(i.UART_InUHex) refers to uart2.o(i.UART_OutChar) for UART_OutChar
    uart2.o(i.UART_Init) refers to uart2.o(i.RxFifo_Init) for RxFifo_Init
    uart2.o(i.UART_Init) refers to uart2.o(i.TxFifo_Init) for TxFifo_Init
    uart2.o(i.UART_Init) refers to startup.o(.text) for EnableInterrupts
    uart2.o(i.UART_OutChar) refers to uart2.o(i.TxFifo_Put) for TxFifo_Put
    uart2.o(i.UART_OutChar) refers to uart2.o(i.copySoftwareToHardware) for copySoftwareToHardware
    uart2.o(i.UART_OutString) refers to uart2.o(i.UART_OutChar) for UART_OutChar
    uart2.o(i.UART_OutUDec) refers to uart2.o(i.UART_OutChar) for UART_OutChar
    uart2.o(i.UART_OutUHex) refers to uart2.o(i.UART_OutChar) for UART_OutChar
    uart2.o(i.copyHardwareToSoftware) refers to uart2.o(i.RxFifo_Put) for RxFifo_Put
    uart2.o(i.copyHardwareToSoftware) refers to uart2.o(i.RxFifo_Size) for RxFifo_Size
    uart2.o(i.copySoftwareToHardware) refers to uart2.o(i.TxFifo_Get) for TxFifo_Get
    uart2.o(i.copySoftwareToHardware) refers to uart2.o(i.TxFifo_Size) for TxFifo_Size
    systick.o(i.SysTick_Wait10ms) refers to systick.o(i.SysTick_Wait) for SysTick_Wait
    systick.o(i.SysTick_Wait1ms) refers to systick.o(i.SysTick_Wait) for SysTick_Wait
    startup.o(STACK) refers (Special) to heapauxi.o(.text) for __use_two_region_memory
    startup.o(HEAP) refers (Special) to heapauxi.o(.text) for __use_two_region_memory
    startup.o(RESET) refers (Special) to heapauxi.o(.text) for __use_two_region_memory
    startup.o(RESET) refers to startup.o(STACK) for StackMem
    startup.o(RESET) refers to uart2.o(i.UART0_Handler) for UART0_Handler
    startup.o(RESET) refers to adc.o(i.ADC0Seq3_Handler) for ADC0Seq3_Handler
    startup.o(RESET) refers to __main.o(!!!main) for __main
    startup.o(.text) refers (Special) to heapauxi.o(.text) for __use_two_region_memory
    startup.o(.text) refers to startup.o(HEAP) for HeapMem
    startup.o(.text) refers to startup.o(STACK) for StackMem
    pid_stm32.o(.text) refers to lab2.o(.data) for IntTerm
    __main.o(!!!main) refers to rtentry.o(.ARM.Collect$$rtentry$$00000000) for __rt_entry
    rtentry.o(.ARM.Collect$$rtentry$$00000000) refers (Special) to rtentry2.o(.ARM.Collect$$rtentry$$0000000A) for __rt_entry_li
    rtentry.o(.ARM.Collect$$rtentry$$00000000) refers (Special) to rtentry2.o(.ARM.Collect$$rtentry$$0000000D) for __rt_entry_main
    rtentry.o(.ARM.Collect$$rtentry$$00000000) refers (Special) to rtentry2.o(.ARM.Collect$$rtentry$$0000000C) for __rt_entry_postli_1
    rtentry.o(.ARM.Collect$$rtentry$$00000000) refers (Special) to rtentry2.o(.ARM.Collect$$rtentry$$00000009) for __rt_entry_postsh_1
    rtentry.o(.ARM.Collect$$rtentry$$00000000) refers (Special) to rtentry2.o(.ARM.Collect$$rtentry$$00000002) for __rt_entry_presh_1
    rtentry.o(.ARM.Collect$$rtentry$$00000000) refers (Special) to rtentry4.o(.ARM.Collect$$rtentry$$00000004) for __rt_entry_sh
    rtentry2.o(.ARM.Collect$$rtentry$$00000008) refers to boardinit2.o(.text) for _platform_post_stackheap_init
    rtentry2.o(.ARM.Collect$$rtentry$$0000000A) refers to libinit.o(.ARM.Collect$$libinit$$00000000) for __rt_lib_init
    rtentry2.o(.ARM.Collect$$rtentry$$0000000B) refers to boardinit3.o(.text) for _platform_post_lib_init
    rtentry2.o(.ARM.Collect$$rtentry$$0000000D) refers to lab2.o(i.main) for main
    rtentry2.o(.ARM.Collect$$rtentry$$0000000D) refers to exit.o(.text) for exit
    rtentry2.o(.ARM.exidx) refers to rtentry2.o(.ARM.Collect$$rtentry$$00000001) for .ARM.Collect$$rtentry$$00000001
    rtentry2.o(.ARM.exidx) refers to rtentry2.o(.ARM.Collect$$rtentry$$00000008) for .ARM.Collect$$rtentry$$00000008
    rtentry2.o(.ARM.exidx) refers to rtentry2.o(.ARM.Collect$$rtentry$$0000000A) for .ARM.Collect$$rtentry$$0000000A
    rtentry2.o(.ARM.exidx) refers to rtentry2.o(.ARM.Collect$$rtentry$$0000000B) for .ARM.Collect$$rtentry$$0000000B
    rtentry2.o(.ARM.exidx) refers to rtentry2.o(.ARM.Collect$$rtentry$$0000000D) for .ARM.Collect$$rtentry$$0000000D
    rtentry4.o(.ARM.Collect$$rtentry$$00000004) refers to sys_stackheap_outer.o(.text) for __user_setup_stackheap
    rtentry4.o(.ARM.exidx) refers to rtentry4.o(.ARM.Collect$$rtentry$$00000004) for .ARM.Collect$$rtentry$$00000004
    sys_stackheap_outer.o(.text) refers to libspace.o(.text) for __user_perproc_libspace
    sys_stackheap_outer.o(.text) refers to startup.o(.text) for __user_initial_stackheap
    exit.o(.text) refers to rtexit.o(.ARM.Collect$$rtexit$$00000000) for __rt_exit
    libinit.o(.ARM.Collect$$libinit$$00000000) refers (Special) to libinit2.o(.ARM.Collect$$libinit$$0000002C) for __rt_lib_init_alloca_1
    libinit.o(.ARM.Collect$$libinit$$00000000) refers (Special) to libinit2.o(.ARM.Collect$$libinit$$0000002A) for __rt_lib_init_argv_1
    libinit.o(.ARM.Collect$$libinit$$00000000) refers (Special) to libinit2.o(.ARM.Collect$$libinit$$00000019) for __rt_lib_init_atexit_1
    libinit.o(.ARM.Collect$$libinit$$00000000) refers (Special) to libinit2.o(.ARM.Collect$$libinit$$0000001F) for __rt_lib_init_clock_1
    libinit.o(.ARM.Collect$$libinit$$00000000) refers (Special) to libinit2.o(.ARM.Collect$$libinit$$00000030) for __rt_lib_init_cpp_1
    libinit.o(.ARM.Collect$$libinit$$00000000) refers (Special) to libinit2.o(.ARM.Collect$$libinit$$0000002E) for __rt_lib_init_exceptions_1
    libinit.o(.ARM.Collect$$libinit$$00000000) refers (Special) to libinit2.o(.ARM.Collect$$libinit$$00000001) for __rt_lib_init_fp_1
    libinit.o(.ARM.Collect$$libinit$$00000000) refers (Special) to libinit2.o(.ARM.Collect$$libinit$$0000001D) for __rt_lib_init_fp_trap_1
    libinit.o(.ARM.Collect$$libinit$$00000000) refers (Special) to libinit2.o(.ARM.Collect$$libinit$$00000021) for __rt_lib_init_getenv_1
    libinit.o(.ARM.Collect$$libinit$$00000000) refers (Special) to libinit2.o(.ARM.Collect$$libinit$$00000008) for __rt_lib_init_heap_1
    libinit.o(.ARM.Collect$$libinit$$00000000) refers (Special) to libinit2.o(.ARM.Collect$$libinit$$0000000F) for __rt_lib_init_lc_collate_1
    libinit.o(.ARM.Collect$$libinit$$00000000) refers (Special) to libinit2.o(.ARM.Collect$$libinit$$00000011) for __rt_lib_init_lc_ctype_1
    libinit.o(.ARM.Collect$$libinit$$00000000) refers (Special) to libinit2.o(.ARM.Collect$$libinit$$00000013) for __rt_lib_init_lc_monetary_1
    libinit.o(.ARM.Collect$$libinit$$00000000) refers (Special) to libinit2.o(.ARM.Collect$$libinit$$00000015) for __rt_lib_init_lc_numeric_1
    libinit.o(.ARM.Collect$$libinit$$00000000) refers (Special) to libinit2.o(.ARM.Collect$$libinit$$00000017) for __rt_lib_init_lc_time_1
    libinit.o(.ARM.Collect$$libinit$$00000000) refers (Special) to libinit2.o(.ARM.Collect$$libinit$$0000000C) for __rt_lib_init_rand_1
    libinit.o(.ARM.Collect$$libinit$$00000000) refers (Special) to libinit2.o(.ARM.Collect$$libinit$$00000031) for __rt_lib_init_return
    libinit.o(.ARM.Collect$$libinit$$00000000) refers (Special) to libinit2.o(.ARM.Collect$$libinit$$0000001B) for __rt_lib_init_signal_1
    libinit.o(.ARM.Collect$$libinit$$00000000) refers (Special) to libinit2.o(.ARM.Collect$$libinit$$00000023) for __rt_lib_init_stdio_1
    libinit.o(.ARM.Collect$$libinit$$00000000) refers (Special) to libinit2.o(.ARM.Collect$$libinit$$0000000A) for __rt_lib_init_user_alloc_1
    libspace.o(.text) refers to libspace.o(.bss) for __libspace_start
    rtexit.o(.ARM.Collect$$rtexit$$00000000) refers (Special) to rtexit2.o(.ARM.Collect$$rtexit$$00000004) for __rt_exit_exit
    rtexit.o(.ARM.Collect$$rtexit$$00000000) refers (Special) to rtexit2.o(.ARM.Collect$$rtexit$$00000003) for __rt_exit_ls
    rtexit.o(.ARM.Collect$$rtexit$$00000000) refers (Special) to rtexit2.o(.ARM.Collect$$rtexit$$00000002) for __rt_exit_prels_1
    rtexit.o(.ARM.exidx) refers (Special) to rtexit2.o(.ARM.Collect$$rtexit$$00000004) for __rt_exit_exit
    rtexit.o(.ARM.exidx) refers (Special) to rtexit2.o(.ARM.Collect$$rtexit$$00000003) for __rt_exit_ls
    rtexit.o(.ARM.exidx) refers (Special) to rtexit2.o(.ARM.Collect$$rtexit$$00000002) for __rt_exit_prels_1
    rtexit.o(.ARM.exidx) refers to rtexit.o(.ARM.Collect$$rtexit$$00000000) for .ARM.Collect$$rtexit$$00000000
    libinit2.o(.ARM.Collect$$libinit$$00000001) refers to fpinit.o(x$fpl$fpinit) for _fp_init
    libinit2.o(.ARM.Collect$$libinit$$0000000E) refers to libinit2.o(.ARM.Collect$$libinit$$0000000D) for .ARM.Collect$$libinit$$0000000D
    libinit2.o(.ARM.Collect$$libinit$$00000010) refers to libinit2.o(.ARM.Collect$$libinit$$0000000D) for .ARM.Collect$$libinit$$0000000D
    libinit2.o(.ARM.Collect$$libinit$$00000012) refers to libinit2.o(.ARM.Collect$$libinit$$0000000D) for .ARM.Collect$$libinit$$0000000D
    libinit2.o(.ARM.Collect$$libinit$$00000014) refers to libinit2.o(.ARM.Collect$$libinit$$0000000D) for .ARM.Collect$$libinit$$0000000D
    libinit2.o(.ARM.Collect$$libinit$$00000016) refers to libinit2.o(.ARM.Collect$$libinit$$0000000D) for .ARM.Collect$$libinit$$0000000D
    libinit2.o(.ARM.Collect$$libinit$$00000024) refers to argv_veneer.o(.emb_text) for __ARM_argv_veneer
    libinit2.o(.ARM.Collect$$libinit$$00000025) refers to argv_veneer.o(.emb_text) for __ARM_argv_veneer
    rtexit2.o(.ARM.Collect$$rtexit$$00000003) refers to libshutdown.o(.ARM.Collect$$libshutdown$$00000000) for __rt_lib_shutdown
    rtexit2.o(.ARM.Collect$$rtexit$$00000004) refers to sys_exit.o(.text) for _sys_exit
    rtexit2.o(.ARM.exidx) refers to rtexit2.o(.ARM.Collect$$rtexit$$00000001) for .ARM.Collect$$rtexit$$00000001
    rtexit2.o(.ARM.exidx) refers to rtexit2.o(.ARM.Collect$$rtexit$$00000003) for .ARM.Collect$$rtexit$$00000003
    rtexit2.o(.ARM.exidx) refers to rtexit2.o(.ARM.Collect$$rtexit$$00000004) for .ARM.Collect$$rtexit$$00000004
    argv_veneer.o(.emb_text) refers to no_argv.o(.text) for __ARM_get_argv
    sys_exit.o(.text) refers (Special) to use_no_semi.o(.text) for __I$use$semihosting
    sys_exit.o(.text) refers (Special) to indicate_semi.o(.text) for __semihosting_library_function
    _get_argv_nomalloc.o(.text) refers (Special) to hrguard.o(.text) for __heap_region$guard
    _get_argv_nomalloc.o(.text) refers to defsig_rtmem_outer.o(.text) for __rt_SIGRTMEM
    _get_argv_nomalloc.o(.text) refers to sys_command.o(.text) for _sys_command_string
    libshutdown.o(.ARM.Collect$$libshutdown$$00000000) refers (Special) to libshutdown2.o(.ARM.Collect$$libshutdown$$00000006) for __rt_lib_shutdown_fp_trap_1
    libshutdown.o(.ARM.Collect$$libshutdown$$00000000) refers (Special) to libshutdown2.o(.ARM.Collect$$libshutdown$$0000000E) for __rt_lib_shutdown_heap_1
    libshutdown.o(.ARM.Collect$$libshutdown$$00000000) refers (Special) to libshutdown2.o(.ARM.Collect$$libshutdown$$0000000F) for __rt_lib_shutdown_return
    libshutdown.o(.ARM.Collect$$libshutdown$$00000000) refers (Special) to libshutdown2.o(.ARM.Collect$$libshutdown$$00000009) for __rt_lib_shutdown_signal_1
    libshutdown.o(.ARM.Collect$$libshutdown$$00000000) refers (Special) to libshutdown2.o(.ARM.Collect$$libshutdown$$00000003) for __rt_lib_shutdown_stdio_1
    libshutdown.o(.ARM.Collect$$libshutdown$$00000000) refers (Special) to libshutdown2.o(.ARM.Collect$$libshutdown$$0000000B) for __rt_lib_shutdown_user_alloc_1
    sys_command.o(.text) refers (Special) to use_no_semi.o(.text) for __I$use$semihosting
    sys_command.o(.text) refers (Special) to indicate_semi.o(.text) for __semihosting_library_function
    defsig_rtmem_outer.o(.text) refers to defsig_rtmem_inner.o(.text) for __rt_SIGRTMEM_inner
    defsig_rtmem_outer.o(.text) refers to defsig_exit.o(.text) for __sig_exit
    defsig_rtmem_formal.o(.text) refers to rt_raise.o(.text) for __rt_raise
    rt_raise.o(.text) refers to __raise.o(.text) for __raise
    rt_raise.o(.text) refers to sys_exit.o(.text) for _sys_exit
    defsig_exit.o(.text) refers to sys_exit.o(.text) for _sys_exit
    defsig_rtmem_inner.o(.text) refers to defsig_general.o(.text) for __default_signal_display
    __raise.o(.text) refers to defsig.o(CL$$defsig) for __default_signal_handler
    defsig_general.o(.text) refers to sys_wrch.o(.text) for _ttywrch
    sys_wrch.o(.text) refers (Special) to use_no_semi.o(.text) for __I$use$semihosting
    sys_wrch.o(.text) refers (Special) to indicate_semi.o(.text) for __semihosting_library_function
    defsig.o(CL$$defsig) refers to defsig_rtmem_inner.o(.text) for __rt_SIGRTMEM_inner
    defsig_abrt_inner.o(.text) refers to defsig_general.o(.text) for __default_signal_display
    defsig_fpe_inner.o(.text) refers to defsig_general.o(.text) for __default_signal_display
    defsig_rtred_inner.o(.text) refers to defsig_general.o(.text) for __default_signal_display
    defsig_stak_inner.o(.text) refers to defsig_general.o(.text) for __default_signal_display
    defsig_pvfn_inner.o(.text) refers to defsig_general.o(.text) for __default_signal_display
    defsig_cppl_inner.o(.text) refers to defsig_general.o(.text) for __default_signal_display
    defsig_segv_inner.o(.text) refers to defsig_general.o(.text) for __default_signal_display
    defsig_other.o(.text) refers to defsig_general.o(.text) for __default_signal_display


==============================================================================

Removing Unused input sections from the image.

    Removing lab2.o(i.BackgroundThread1c), (28 bytes).
    Removing lab2.o(i.BackgroundThread1d), (56 bytes).
    Removing lab2.o(i.BackgroundThread5c), (32 bytes).
    Removing lab2.o(i.BackgroundThread5d), (32 bytes).
    Removing lab2.o(i.Jitter), (2 bytes).
    Removing lab2.o(i.OutputThread), (220 bytes).
    Removing lab2.o(i.Producer), (52 bytes).
    Removing lab2.o(i.PseudoWork), (32 bytes).
    Removing lab2.o(i.SW2Push), (48 bytes).
    Removing lab2.o(i.Signal1), (40 bytes).
    Removing lab2.o(i.Signal2), (40 bytes).
    Removing lab2.o(i.Signal3), (48 bytes).
    Removing lab2.o(i.TaskA), (44 bytes).
    Removing lab2.o(i.TaskB), (44 bytes).
    Removing lab2.o(i.Testmain1), (108 bytes).
    Removing lab2.o(i.Testmain2), (108 bytes).
    Removing lab2.o(i.Testmain3), (124 bytes).
    Removing lab2.o(i.Testmain4), (140 bytes).
    Removing lab2.o(i.Testmain5), (116 bytes).
    Removing lab2.o(i.Testmain6), (284 bytes).
    Removing lab2.o(i.Testmain7), (56 bytes).
    Removing lab2.o(i.Thread1), (44 bytes).
    Removing lab2.o(i.Thread1b), (40 bytes).
    Removing lab2.o(i.Thread2), (44 bytes).
    Removing lab2.o(i.Thread2b), (40 bytes).
    Removing lab2.o(i.Thread2c), (104 bytes).
    Removing lab2.o(i.Thread2d), (52 bytes).
    Removing lab2.o(i.Thread3), (44 bytes).
    Removing lab2.o(i.Thread3b), (40 bytes).
    Removing lab2.o(i.Thread3c), (24 bytes).
    Removing lab2.o(i.Thread3d), (24 bytes).
    Removing lab2.o(i.Thread4c), (44 bytes).
    Removing lab2.o(i.Thread4d), (40 bytes).
    Removing lab2.o(i.Thread5c), (60 bytes).
    Removing lab2.o(i.Thread6), (40 bytes).
    Removing lab2.o(i.Thread7), (80 bytes).
    Removing lab2.o(i.Thread8), (20 bytes).
    Removing lab2.o(i.Wait1), (28 bytes).
    Removing lab2.o(i.Wait2), (28 bytes).
    Removing lab2.o(i.Wait3), (28 bytes).
    Removing lab2.o(i.add), (20 bytes).
    Removing lab2.o(.constdata), (4 bytes).
    Removing adc.o(i.ADC_Collect), (232 bytes).
    Removing adc.o(i.ADC_In), (44 bytes).
    Removing adc.o(i.ADC_Init), (128 bytes).
    Removing adc.o(i.ADC_Status), (24 bytes).
    Removing adc.o(i.timerPeriod), (16 bytes).
    Removing st7735.o(i.ST7735_ClearDisplay), (68 bytes).
    Removing st7735.o(i.ST7735_ClearLine), (64 bytes).
    Removing st7735.o(i.ST7735_Color565), (24 bytes).
    Removing st7735.o(i.ST7735_DrawBitmap), (288 bytes).
    Removing st7735.o(i.ST7735_DrawCharS), (252 bytes).
    Removing st7735.o(i.ST7735_DrawFastHLine), (124 bytes).
    Removing st7735.o(i.ST7735_DrawFastVLine), (132 bytes).
    Removing st7735.o(i.ST7735_DrawPixel), (76 bytes).
    Removing st7735.o(i.ST7735_FillRect), (172 bytes).
    Removing st7735.o(i.ST7735_FillScreen), (36 bytes).
    Removing st7735.o(i.ST7735_InitB), (16 bytes).
    Removing st7735.o(i.ST7735_InitR), (124 bytes).
    Removing st7735.o(i.ST7735_InvertDisplay), (22 bytes).
    Removing st7735.o(i.ST7735_SetRotation), (212 bytes).
    Removing st7735.o(i.ST7735_SwapColor), (18 bytes).
    Removing st7735.o(i.commandList), (86 bytes).
    Removing st7735.o(i.commonInit), (392 bytes).
    Removing uart2.o(i.RxFifo_Get), (60 bytes).
    Removing uart2.o(i.RxFifo_Init), (36 bytes).
    Removing uart2.o(i.TxFifo_Init), (36 bytes).
    Removing uart2.o(i.TxFifo_Put), (60 bytes).
    Removing uart2.o(i.UART_InChar), (20 bytes).
    Removing uart2.o(i.UART_InString), (70 bytes).
    Removing uart2.o(i.UART_InUDec), (76 bytes).
    Removing uart2.o(i.UART_InUHex), (108 bytes).
    Removing uart2.o(i.UART_Init), (204 bytes).
    Removing uart2.o(i.UART_OutChar), (52 bytes).
    Removing uart2.o(i.UART_OutString), (22 bytes).
    Removing uart2.o(i.UART_OutUDec), (42 bytes).
    Removing uart2.o(i.UART_OutUHex), (52 bytes).
    Removing systick.o(i.SysTick_Init), (24 bytes).
    Removing systick.o(i.SysTick_Wait), (32 bytes).
    Removing systick.o(i.SysTick_Wait10ms), (28 bytes).
    Removing systick.o(i.SysTick_Wait1ms), (24 bytes).
    Removing os.o(i.OS_AddSW2Task), (6 bytes).
    Removing os.o(i.OS_Fifo_Put), (6 bytes).
    Removing os.o(i.OS_Fifo_Size), (4 bytes).
    Removing os.o(i.OS_InitSemaphore), (2 bytes).
    Removing os.o(i.OS_Signal), (2 bytes).
    Removing os.o(i.OS_Suspend), (2 bytes).
    Removing os.o(i.OS_Wait), (2 bytes).
    Removing os.o(i.OS_bSignal), (2 bytes).
    Removing os.o(i.OS_bWait), (2 bytes).

90 unused section(s) (total 6026 bytes) removed from the image.

==============================================================================

Image Symbol Table

    Local Symbols

    Symbol Name                              Value     Ov Type        Size  Object(Section)

    RESET                                    0x00000000   Section      660  startup.o(RESET)
    ../clib/angel/boardlib.s                 0x00000000   Number         0  boardinit3.o ABSOLUTE
    ../clib/angel/boardlib.s                 0x00000000   Number         0  boardinit2.o ABSOLUTE
    ../clib/angel/boardlib.s                 0x00000000   Number         0  boardinit1.o ABSOLUTE
    ../clib/angel/boardlib.s                 0x00000000   Number         0  boardshut.o ABSOLUTE
    ../clib/angel/handlers.s                 0x00000000   Number         0  __scatter_copy.o ABSOLUTE
    ../clib/angel/handlers.s                 0x00000000   Number         0  __scatter_zi.o ABSOLUTE
    ../clib/angel/kernel.s                   0x00000000   Number         0  rtentry4.o ABSOLUTE
    ../clib/angel/kernel.s                   0x00000000   Number         0  rtentry2.o ABSOLUTE
    ../clib/angel/kernel.s                   0x00000000   Number         0  rtentry.o ABSOLUTE
    ../clib/angel/kernel.s                   0x00000000   Number         0  rtexit2.o ABSOLUTE
    ../clib/angel/kernel.s                   0x00000000   Number         0  rtexit.o ABSOLUTE
    ../clib/angel/rt.s                       0x00000000   Number         0  rt_raise.o ABSOLUTE
    ../clib/angel/scatter.s                  0x00000000   Number         0  __scatter.o ABSOLUTE
    ../clib/angel/startup.s                  0x00000000   Number         0  __main.o ABSOLUTE
    ../clib/angel/sys.s                      0x00000000   Number         0  libspace.o ABSOLUTE
    ../clib/angel/sys.s                      0x00000000   Number         0  sys_stackheap_outer.o ABSOLUTE
    ../clib/angel/sys.s                      0x00000000   Number         0  use_no_semi.o ABSOLUTE
    ../clib/angel/sys.s                      0x00000000   Number         0  indicate_semi.o ABSOLUTE
    ../clib/angel/sysapp.c                   0x00000000   Number         0  sys_exit.o ABSOLUTE
    ../clib/angel/sysapp.c                   0x00000000   Number         0  sys_wrch.o ABSOLUTE
    ../clib/angel/sysapp.c                   0x00000000   Number         0  sys_command.o ABSOLUTE
    ../clib/armsys.c                         0x00000000   Number         0  argv_veneer.o ABSOLUTE
    ../clib/armsys.c                         0x00000000   Number         0  argv_veneer.o ABSOLUTE
    ../clib/armsys.c                         0x00000000   Number         0  _get_argv_nomalloc.o ABSOLUTE
    ../clib/armsys.c                         0x00000000   Number         0  no_argv.o ABSOLUTE
    ../clib/heapalloc.c                      0x00000000   Number         0  hrguard.o ABSOLUTE
    ../clib/heapaux.c                        0x00000000   Number         0  heapauxi.o ABSOLUTE
    ../clib/libinit.s                        0x00000000   Number         0  libshutdown2.o ABSOLUTE
    ../clib/libinit.s                        0x00000000   Number         0  libshutdown.o ABSOLUTE
    ../clib/libinit.s                        0x00000000   Number         0  libinit.o ABSOLUTE
    ../clib/libinit.s                        0x00000000   Number         0  libinit2.o ABSOLUTE
    ../clib/signal.c                         0x00000000   Number         0  __raise.o ABSOLUTE
    ../clib/signal.c                         0x00000000   Number         0  defsig_other.o ABSOLUTE
    ../clib/signal.c                         0x00000000   Number         0  defsig_fpe_inner.o ABSOLUTE
    ../clib/signal.c                         0x00000000   Number         0  defsig_abrt_inner.o ABSOLUTE
    ../clib/signal.c                         0x00000000   Number         0  defsig_general.o ABSOLUTE
    ../clib/signal.c                         0x00000000   Number         0  defsig_stak_inner.o ABSOLUTE
    ../clib/signal.c                         0x00000000   Number         0  defsig_rtmem_inner.o ABSOLUTE
    ../clib/signal.c                         0x00000000   Number         0  defsig_exit.o ABSOLUTE
    ../clib/signal.c                         0x00000000   Number         0  defsig_pvfn_inner.o ABSOLUTE
    ../clib/signal.c                         0x00000000   Number         0  defsig_rtmem_formal.o ABSOLUTE
    ../clib/signal.c                         0x00000000   Number         0  defsig_rtmem_outer.o ABSOLUTE
    ../clib/signal.c                         0x00000000   Number         0  defsig_rtred_inner.o ABSOLUTE
    ../clib/signal.c                         0x00000000   Number         0  defsig_cppl_inner.o ABSOLUTE
    ../clib/signal.c                         0x00000000   Number         0  defsig_segv_inner.o ABSOLUTE
    ../clib/signal.s                         0x00000000   Number         0  defsig.o ABSOLUTE
    ../clib/stdlib.c                         0x00000000   Number         0  exit.o ABSOLUTE
    ../fplib/fpinit.s                        0x00000000   Number         0  fpinit.o ABSOLUTE
    ADC.c                                    0x00000000   Number         0  adc.o ABSOLUTE
    Lab2.c                                   0x00000000   Number         0  lab2.o ABSOLUTE
    OS.c                                     0x00000000   Number         0  os.o ABSOLUTE
    PID_stm32.s                              0x00000000   Number         0  pid_stm32.o ABSOLUTE
    ST7735.c                                 0x00000000   Number         0  st7735.o ABSOLUTE
    SysTick.c                                0x00000000   Number         0  systick.o ABSOLUTE
    UART2.c                                  0x00000000   Number         0  uart2.o ABSOLUTE
    cr4_fft_64_stm32.s                       0x00000000   Number         0  cr4_fft_64_stm32.o ABSOLUTE
    dc.s                                     0x00000000   Number         0  dc.o ABSOLUTE
    startup.s                                0x00000000   Number         0  startup.o ABSOLUTE
    $v0                                      0x0000026c   Number         0  startup.o(RESET)
    !!!main                                  0x00000294   Section        8  __main.o(!!!main)
    !!!scatter                               0x0000029c   Section       52  __scatter.o(!!!scatter)
    !!handler_copy                           0x000002d0   Section       26  __scatter_copy.o(!!handler_copy)
    !!handler_zi                             0x000002ec   Section       28  __scatter_zi.o(!!handler_zi)
    .ARM.Collect$$libinit$$00000000          0x00000308   Section        2  libinit.o(.ARM.Collect$$libinit$$00000000)
    .ARM.Collect$$libinit$$00000001          0x0000030a   Section        4  libinit2.o(.ARM.Collect$$libinit$$00000001)
    .ARM.Collect$$libinit$$00000008          0x0000030e   Section        0  libinit2.o(.ARM.Collect$$libinit$$00000008)
    .ARM.Collect$$libinit$$0000000A          0x0000030e   Section        0  libinit2.o(.ARM.Collect$$libinit$$0000000A)
    .ARM.Collect$$libinit$$0000000C          0x0000030e   Section        0  libinit2.o(.ARM.Collect$$libinit$$0000000C)
    .ARM.Collect$$libinit$$0000000F          0x0000030e   Section        0  libinit2.o(.ARM.Collect$$libinit$$0000000F)
    .ARM.Collect$$libinit$$00000011          0x0000030e   Section        0  libinit2.o(.ARM.Collect$$libinit$$00000011)
    .ARM.Collect$$libinit$$00000013          0x0000030e   Section        0  libinit2.o(.ARM.Collect$$libinit$$00000013)
    .ARM.Collect$$libinit$$00000015          0x0000030e   Section        0  libinit2.o(.ARM.Collect$$libinit$$00000015)
    .ARM.Collect$$libinit$$00000017          0x0000030e   Section        0  libinit2.o(.ARM.Collect$$libinit$$00000017)
    .ARM.Collect$$libinit$$00000019          0x0000030e   Section        0  libinit2.o(.ARM.Collect$$libinit$$00000019)
    .ARM.Collect$$libinit$$0000001B          0x0000030e   Section        0  libinit2.o(.ARM.Collect$$libinit$$0000001B)
    .ARM.Collect$$libinit$$0000001D          0x0000030e   Section        0  libinit2.o(.ARM.Collect$$libinit$$0000001D)
    .ARM.Collect$$libinit$$0000001F          0x0000030e   Section        0  libinit2.o(.ARM.Collect$$libinit$$0000001F)
    .ARM.Collect$$libinit$$00000021          0x0000030e   Section        0  libinit2.o(.ARM.Collect$$libinit$$00000021)
    .ARM.Collect$$libinit$$00000023          0x0000030e   Section        0  libinit2.o(.ARM.Collect$$libinit$$00000023)
    .ARM.Collect$$libinit$$0000002A          0x0000030e   Section        0  libinit2.o(.ARM.Collect$$libinit$$0000002A)
    .ARM.Collect$$libinit$$0000002C          0x0000030e   Section        0  libinit2.o(.ARM.Collect$$libinit$$0000002C)
    .ARM.Collect$$libinit$$0000002E          0x0000030e   Section        0  libinit2.o(.ARM.Collect$$libinit$$0000002E)
    .ARM.Collect$$libinit$$00000030          0x0000030e   Section        0  libinit2.o(.ARM.Collect$$libinit$$00000030)
    .ARM.Collect$$libinit$$00000031          0x0000030e   Section        2  libinit2.o(.ARM.Collect$$libinit$$00000031)
    .ARM.Collect$$libshutdown$$00000000      0x00000310   Section        2  libshutdown.o(.ARM.Collect$$libshutdown$$00000000)
    .ARM.Collect$$libshutdown$$00000003      0x00000312   Section        0  libshutdown2.o(.ARM.Collect$$libshutdown$$00000003)
    .ARM.Collect$$libshutdown$$00000006      0x00000312   Section        0  libshutdown2.o(.ARM.Collect$$libshutdown$$00000006)
    .ARM.Collect$$libshutdown$$00000009      0x00000312   Section        0  libshutdown2.o(.ARM.Collect$$libshutdown$$00000009)
    .ARM.Collect$$libshutdown$$0000000B      0x00000312   Section        0  libshutdown2.o(.ARM.Collect$$libshutdown$$0000000B)
    .ARM.Collect$$libshutdown$$0000000E      0x00000312   Section        0  libshutdown2.o(.ARM.Collect$$libshutdown$$0000000E)
    .ARM.Collect$$libshutdown$$0000000F      0x00000312   Section        2  libshutdown2.o(.ARM.Collect$$libshutdown$$0000000F)
    .ARM.Collect$$rtentry$$00000000          0x00000314   Section        0  rtentry.o(.ARM.Collect$$rtentry$$00000000)
    .ARM.Collect$$rtentry$$00000002          0x00000314   Section        0  rtentry2.o(.ARM.Collect$$rtentry$$00000002)
    .ARM.Collect$$rtentry$$00000004          0x00000314   Section        6  rtentry4.o(.ARM.Collect$$rtentry$$00000004)
    .ARM.Collect$$rtentry$$00000009          0x0000031a   Section        0  rtentry2.o(.ARM.Collect$$rtentry$$00000009)
    .ARM.Collect$$rtentry$$0000000A          0x0000031a   Section        4  rtentry2.o(.ARM.Collect$$rtentry$$0000000A)
    .ARM.Collect$$rtentry$$0000000C          0x0000031e   Section        0  rtentry2.o(.ARM.Collect$$rtentry$$0000000C)
    .ARM.Collect$$rtentry$$0000000D          0x0000031e   Section        8  rtentry2.o(.ARM.Collect$$rtentry$$0000000D)
    .ARM.Collect$$rtexit$$00000000           0x00000326   Section        2  rtexit.o(.ARM.Collect$$rtexit$$00000000)
    .ARM.Collect$$rtexit$$00000002           0x00000328   Section        0  rtexit2.o(.ARM.Collect$$rtexit$$00000002)
    .ARM.Collect$$rtexit$$00000003           0x00000328   Section        4  rtexit2.o(.ARM.Collect$$rtexit$$00000003)
    .ARM.Collect$$rtexit$$00000004           0x0000032c   Section        6  rtexit2.o(.ARM.Collect$$rtexit$$00000004)
    .text                                    0x00000334   Section       48  startup.o(.text)
    $v0                                      0x00000334   Number         0  startup.o(.text)
    .text                                    0x00000364   Section      718  cr4_fft_64_stm32.o(.text)
    $v0                                      0x00000364   Number         0  cr4_fft_64_stm32.o(.text)
    .text                                    0x00000634   Section       72  pid_stm32.o(.text)
    $v0                                      0x00000634   Number         0  pid_stm32.o(.text)
    .text                                    0x0000067c   Section        0  heapauxi.o(.text)
    .text                                    0x00000682   Section       74  sys_stackheap_outer.o(.text)
    .text                                    0x000006cc   Section        0  exit.o(.text)
    .text                                    0x000006d8   Section        8  libspace.o(.text)
    .text                                    0x000006e0   Section        0  sys_exit.o(.text)
    .text                                    0x000006ec   Section        2  use_no_semi.o(.text)
    .text                                    0x000006ee   Section        0  indicate_semi.o(.text)
    i.ADC0Seq3_Handler                       0x000006f0   Section        0  adc.o(i.ADC0Seq3_Handler)
    i.ADC_Open                               0x00000728   Section        0  adc.o(i.ADC_Open)
    i.ButtonWork                             0x00000a84   Section        0  lab2.o(i.ButtonWork)
    i.Consumer                               0x00000b48   Section        0  lab2.o(i.Consumer)
    i.DAS                                    0x00000bcc   Section        0  lab2.o(i.DAS)
    i.Display                                0x00000c90   Section        0  lab2.o(i.Display)
    i.Filter                                 0x00000cfc   Section        0  lab2.o(i.Filter)
    i.Interpreter                            0x00000dc4   Section        0  lab2.o(i.Interpreter)
    i.OS_AddPeriodicThread                   0x00000dc6   Section        0  os.o(i.OS_AddPeriodicThread)
    i.OS_AddSW1Task                          0x00000dcc   Section        0  os.o(i.OS_AddSW1Task)
    i.OS_AddThread                           0x00000dd2   Section        0  os.o(i.OS_AddThread)
    i.OS_ClearMsTime                         0x00000dd8   Section        0  os.o(i.OS_ClearMsTime)
    i.OS_Fifo_Get                            0x00000dda   Section        0  os.o(i.OS_Fifo_Get)
    i.OS_Fifo_Init                           0x00000dde   Section        0  os.o(i.OS_Fifo_Init)
    i.OS_Id                                  0x00000de0   Section        0  os.o(i.OS_Id)
    i.OS_Init                                0x00000de4   Section        0  os.o(i.OS_Init)
    i.OS_Kill                                0x00000de6   Section        0  os.o(i.OS_Kill)
    i.OS_Launch                              0x00000de8   Section        0  os.o(i.OS_Launch)
    i.OS_MailBox_Init                        0x00000dea   Section        0  os.o(i.OS_MailBox_Init)
    i.OS_MailBox_Recv                        0x00000dec   Section        0  os.o(i.OS_MailBox_Recv)
    i.OS_MailBox_Send                        0x00000df0   Section        0  os.o(i.OS_MailBox_Send)
    i.OS_MsTime                              0x00000df2   Section        0  os.o(i.OS_MsTime)
    i.OS_Sleep                               0x00000df6   Section        0  os.o(i.OS_Sleep)
    i.OS_Time                                0x00000df8   Section        0  os.o(i.OS_Time)
    i.OS_TimeDifference                      0x00000dfc   Section        0  os.o(i.OS_TimeDifference)
    i.PID                                    0x00000e04   Section        0  lab2.o(i.PID)
    i.PortE_Init                             0x00000e80   Section        0  lab2.o(i.PortE_Init)
    i.RxFifo_Put                             0x00000ef4   Section        0  uart2.o(i.RxFifo_Put)
    i.RxFifo_Size                            0x00000f30   Section        0  uart2.o(i.RxFifo_Size)
    i.ST7735_DrawChar                        0x00000f48   Section        0  st7735.o(i.ST7735_DrawChar)
    i.ST7735_Message                         0x00001064   Section        0  st7735.o(i.ST7735_Message)
    i.SW1Push                                0x000010fc   Section        0  lab2.o(i.SW1Push)
    i.TxFifo_Get                             0x0000112c   Section        0  uart2.o(i.TxFifo_Get)
    i.TxFifo_Size                            0x00001168   Section        0  uart2.o(i.TxFifo_Size)
    i.UART0_Handler                          0x00001180   Section        0  uart2.o(i.UART0_Handler)
    i.copyHardwareToSoftware                 0x000011d8   Section        0  uart2.o(i.copyHardwareToSoftware)
    copyHardwareToSoftware                   0x000011d9   Thumb Code    36  uart2.o(i.copyHardwareToSoftware)
    i.copySoftwareToHardware                 0x00001200   Section        0  uart2.o(i.copySoftwareToHardware)
    copySoftwareToHardware                   0x00001201   Thumb Code    38  uart2.o(i.copySoftwareToHardware)
    i.findDigits                             0x0000122c   Section        0  st7735.o(i.findDigits)
    findDigits                               0x0000122d   Thumb Code    44  st7735.o(i.findDigits)
    i.main                                   0x00001258   Section        0  lab2.o(i.main)
    i.pushColor                              0x00001308   Section        0  st7735.o(i.pushColor)
    pushColor                                0x00001309   Thumb Code    18  st7735.o(i.pushColor)
    i.setAddrWindow                          0x0000131c   Section        0  st7735.o(i.setAddrWindow)
    setAddrWindow                            0x0000131d   Thumb Code   106  st7735.o(i.setAddrWindow)
    i.writecommand                           0x00001390   Section        0  st7735.o(i.writecommand)
    writecommand                             0x00001391   Thumb Code    40  st7735.o(i.writecommand)
    i.writedata                              0x000013c0   Section        0  st7735.o(i.writedata)
    writedata                                0x000013c1   Thumb Code    24  st7735.o(i.writedata)
    x$fpl$fpinit                             0x000013e0   Section       10  fpinit.o(x$fpl$fpinit)
    $v0                                      0x000013e0   Number         0  fpinit.o(x$fpl$fpinit)
    .constdata                               0x000013ea   Section     1506  st7735.o(.constdata)
    Font                                     0x000013ea   Data        1275  st7735.o(.constdata)
    Bcmd                                     0x000018e5   Data         103  st7735.o(.constdata)
    Rcmd1                                    0x0000194c   Data          59  st7735.o(.constdata)
    Rcmd2green                               0x00001987   Data          13  st7735.o(.constdata)
    Rcmd2red                                 0x00001994   Data          13  st7735.o(.constdata)
    Rcmd3                                    0x000019a1   Data          43  st7735.o(.constdata)
    .data                                    0x20000000   Section      124  lab2.o(.data)
    n                                        0x20000000   Data           4  lab2.o(.data)
    LastTime                                 0x20000004   Data           4  lab2.o(.data)
    i                                        0x20000008   Data           4  lab2.o(.data)
    result                                   0x2000000c   Data           4  lab2.o(.data)
    .data                                    0x2000007c   Section        4  adc.o(.data)
    .data                                    0x20000080   Section        8  st7735.o(.data)
    _width                                   0x20000080   Data           2  st7735.o(.data)
    _height                                  0x20000082   Data           2  st7735.o(.data)
    ColStart                                 0x20000084   Data           1  st7735.o(.data)
    RowStart                                 0x20000085   Data           1  st7735.o(.data)
    Rotation                                 0x20000086   Data           1  st7735.o(.data)
    TabColor                                 0x20000087   Data           1  st7735.o(.data)
    .data                                    0x20000088   Section       16  uart2.o(.data)
    .bss                                     0x20000098   Section      816  lab2.o(.bss)
    x                                        0x20000198   Data          24  lab2.o(.bss)
    y                                        0x200001b0   Data          24  lab2.o(.bss)
    .bss                                     0x200003c8   Section      800  adc.o(.bss)
    .bss                                     0x200006e8   Section       32  uart2.o(.bss)
    RxFifo                                   0x200006e8   Data          16  uart2.o(.bss)
    TxFifo                                   0x200006f8   Data          16  uart2.o(.bss)
    .bss                                     0x20000708   Section       96  libspace.o(.bss)
    HEAP                                     0x20000768   Section        0  startup.o(HEAP)
    STACK                                    0x20000768   Section     1024  startup.o(STACK)
    HeapMem                                  0x20000768   Data           0  startup.o(HEAP)
    StackMem                                 0x20000768   Data           0  startup.o(STACK)

    Global Symbols

    Symbol Name                              Value     Ov Type        Size  Object(Section)

    BuildAttributes$$THM_ISAv4$E$P$D$K$B$S$7EM$VFPi3$EXTD16$VFPS$VFMA$PE$A:L22UL41UL21$X:L11$S22US41US21$IEEE1$IW$USESV6$~STKCKD$USESV7$~SHL$OSPACE$ROPI$EBA8$UX$STANDARDLIB$REQ8$PRES8$EABIv2 0x00000000   Number         0  anon$$obj.o ABSOLUTE
    __ARM_use_no_argv                        0x00000000   Number         0  lab2.o ABSOLUTE
    __Vectors                                0x00000000   Data           0  startup.o(RESET)
    __ARM_exceptions_init                     - Undefined Weak Reference
    __alloca_initialize                       - Undefined Weak Reference
    __cpp_initialize__aeabi_                  - Undefined Weak Reference
    __cxa_finalize                            - Undefined Weak Reference
    __rt_locale                               - Undefined Weak Reference
    __sigvec_lookup                           - Undefined Weak Reference
    _atexit_init                              - Undefined Weak Reference
    _call_atexit_fns                          - Undefined Weak Reference
    _clock_init                               - Undefined Weak Reference
    _fp_trap_init                             - Undefined Weak Reference
    _fp_trap_shutdown                         - Undefined Weak Reference
    _get_lc_collate                           - Undefined Weak Reference
    _get_lc_ctype                             - Undefined Weak Reference
    _get_lc_monetary                          - Undefined Weak Reference
    _get_lc_numeric                           - Undefined Weak Reference
    _get_lc_time                              - Undefined Weak Reference
    _getenv_init                              - Undefined Weak Reference
    _handle_redirection                       - Undefined Weak Reference
    _init_alloc                               - Undefined Weak Reference
    _init_user_alloc                          - Undefined Weak Reference
    _initio                                   - Undefined Weak Reference
    _rand_init                                - Undefined Weak Reference
    _signal_finish                            - Undefined Weak Reference
    _signal_init                              - Undefined Weak Reference
    _terminate_alloc                          - Undefined Weak Reference
    _terminate_user_alloc                     - Undefined Weak Reference
    _terminateio                              - Undefined Weak Reference
    Reset_Handler                            0x0000026d   Thumb Code     0  startup.o(RESET)
    NMI_Handler                              0x00000281   Thumb Code     2  startup.o(RESET)
    HardFault_Handler                        0x00000283   Thumb Code     2  startup.o(RESET)
    MemManage_Handler                        0x00000285   Thumb Code     2  startup.o(RESET)
    BusFault_Handler                         0x00000287   Thumb Code     2  startup.o(RESET)
    UsageFault_Handler                       0x00000289   Thumb Code     2  startup.o(RESET)
    SVC_Handler                              0x0000028b   Thumb Code     2  startup.o(RESET)
    DebugMon_Handler                         0x0000028d   Thumb Code     2  startup.o(RESET)
    PendSV_Handler                           0x0000028f   Thumb Code     2  startup.o(RESET)
    SysTick_Handler                          0x00000291   Thumb Code     2  startup.o(RESET)
    ADC0Seq0_Handler                         0x00000293   Thumb Code     0  startup.o(RESET)
    ADC0Seq1_Handler                         0x00000293   Thumb Code     0  startup.o(RESET)
    ADC0Seq2_Handler                         0x00000293   Thumb Code     0  startup.o(RESET)
    ADC1Seq0_Handler                         0x00000293   Thumb Code     0  startup.o(RESET)
    ADC1Seq1_Handler                         0x00000293   Thumb Code     0  startup.o(RESET)
    ADC1Seq2_Handler                         0x00000293   Thumb Code     0  startup.o(RESET)
    ADC1Seq3_Handler                         0x00000293   Thumb Code     0  startup.o(RESET)
    CAN0_Handler                             0x00000293   Thumb Code     0  startup.o(RESET)
    CAN1_Handler                             0x00000293   Thumb Code     0  startup.o(RESET)
    CAN2_Handler                             0x00000293   Thumb Code     0  startup.o(RESET)
    Comp0_Handler                            0x00000293   Thumb Code     0  startup.o(RESET)
    Comp1_Handler                            0x00000293   Thumb Code     0  startup.o(RESET)
    Comp2_Handler                            0x00000293   Thumb Code     0  startup.o(RESET)
    Ethernet_Handler                         0x00000293   Thumb Code     0  startup.o(RESET)
    ExtBus_Handler                           0x00000293   Thumb Code     0  startup.o(RESET)
    FPU_Handler                              0x00000293   Thumb Code     0  startup.o(RESET)
    Fan0_Handler                             0x00000293   Thumb Code     0  startup.o(RESET)
    FlashCtl_Handler                         0x00000293   Thumb Code     0  startup.o(RESET)
    GPIOPortA_Handler                        0x00000293   Thumb Code     0  startup.o(RESET)
    GPIOPortB_Handler                        0x00000293   Thumb Code     0  startup.o(RESET)
    GPIOPortC_Handler                        0x00000293   Thumb Code     0  startup.o(RESET)
    GPIOPortD_Handler                        0x00000293   Thumb Code     0  startup.o(RESET)
    GPIOPortE_Handler                        0x00000293   Thumb Code     0  startup.o(RESET)
    GPIOPortF_Handler                        0x00000293   Thumb Code     0  startup.o(RESET)
    GPIOPortG_Handler                        0x00000293   Thumb Code     0  startup.o(RESET)
    GPIOPortH_Handler                        0x00000293   Thumb Code     0  startup.o(RESET)
    GPIOPortJ_Handler                        0x00000293   Thumb Code     0  startup.o(RESET)
    GPIOPortK_Handler                        0x00000293   Thumb Code     0  startup.o(RESET)
    GPIOPortL_Handler                        0x00000293   Thumb Code     0  startup.o(RESET)
    GPIOPortM_Handler                        0x00000293   Thumb Code     0  startup.o(RESET)
    GPIOPortN_Handler                        0x00000293   Thumb Code     0  startup.o(RESET)
    GPIOPortP1_Handler                       0x00000293   Thumb Code     0  startup.o(RESET)
    GPIOPortP2_Handler                       0x00000293   Thumb Code     0  startup.o(RESET)
    GPIOPortP3_Handler                       0x00000293   Thumb Code     0  startup.o(RESET)
    GPIOPortP4_Handler                       0x00000293   Thumb Code     0  startup.o(RESET)
    GPIOPortP5_Handler                       0x00000293   Thumb Code     0  startup.o(RESET)
    GPIOPortP6_Handler                       0x00000293   Thumb Code     0  startup.o(RESET)
    GPIOPortP7_Handler                       0x00000293   Thumb Code     0  startup.o(RESET)
    GPIOPortP_Handler                        0x00000293   Thumb Code     0  startup.o(RESET)
    GPIOPortQ1_Handler                       0x00000293   Thumb Code     0  startup.o(RESET)
    GPIOPortQ2_Handler                       0x00000293   Thumb Code     0  startup.o(RESET)
    GPIOPortQ3_Handler                       0x00000293   Thumb Code     0  startup.o(RESET)
    GPIOPortQ4_Handler                       0x00000293   Thumb Code     0  startup.o(RESET)
    GPIOPortQ5_Handler                       0x00000293   Thumb Code     0  startup.o(RESET)
    GPIOPortQ6_Handler                       0x00000293   Thumb Code     0  startup.o(RESET)
    GPIOPortQ7_Handler                       0x00000293   Thumb Code     0  startup.o(RESET)
    GPIOPortQ_Handler                        0x00000293   Thumb Code     0  startup.o(RESET)
    GPIOPortR_Handler                        0x00000293   Thumb Code     0  startup.o(RESET)
    GPIOPortS_Handler                        0x00000293   Thumb Code     0  startup.o(RESET)
    Hibernate_Handler                        0x00000293   Thumb Code     0  startup.o(RESET)
    I2C0_Handler                             0x00000293   Thumb Code     0  startup.o(RESET)
    I2C1_Handler                             0x00000293   Thumb Code     0  startup.o(RESET)
    I2C2_Handler                             0x00000293   Thumb Code     0  startup.o(RESET)
    I2C3_Handler                             0x00000293   Thumb Code     0  startup.o(RESET)
    I2C4_Handler                             0x00000293   Thumb Code     0  startup.o(RESET)
    I2C5_Handler                             0x00000293   Thumb Code     0  startup.o(RESET)
    I2S0_Handler                             0x00000293   Thumb Code     0  startup.o(RESET)
    LPC0_Handler                             0x00000293   Thumb Code     0  startup.o(RESET)
    PECI0_Handler                            0x00000293   Thumb Code     0  startup.o(RESET)
    PWM0Fault_Handler                        0x00000293   Thumb Code     0  startup.o(RESET)
    PWM0Generator0_Handler                   0x00000293   Thumb Code     0  startup.o(RESET)
    PWM0Generator1_Handler                   0x00000293   Thumb Code     0  startup.o(RESET)
    PWM0Generator2_Handler                   0x00000293   Thumb Code     0  startup.o(RESET)
    PWM0Generator3_Handler                   0x00000293   Thumb Code     0  startup.o(RESET)
    PWM1Fault_Handler                        0x00000293   Thumb Code     0  startup.o(RESET)
    PWM1Generator0_Handler                   0x00000293   Thumb Code     0  startup.o(RESET)
    PWM1Generator1_Handler                   0x00000293   Thumb Code     0  startup.o(RESET)
    PWM1Generator2_Handler                   0x00000293   Thumb Code     0  startup.o(RESET)
    PWM1Generator3_Handler                   0x00000293   Thumb Code     0  startup.o(RESET)
    Quadrature0_Handler                      0x00000293   Thumb Code     0  startup.o(RESET)
    Quadrature1_Handler                      0x00000293   Thumb Code     0  startup.o(RESET)
    Quadrature2_Handler                      0x00000293   Thumb Code     0  startup.o(RESET)
    SSI0_Handler                             0x00000293   Thumb Code     0  startup.o(RESET)
    SSI1_Handler                             0x00000293   Thumb Code     0  startup.o(RESET)
    SSI2_Handler                             0x00000293   Thumb Code     0  startup.o(RESET)
    SSI3_Handler                             0x00000293   Thumb Code     0  startup.o(RESET)
    SysCtl_Handler                           0x00000293   Thumb Code     0  startup.o(RESET)
    Timer0A_Handler                          0x00000293   Thumb Code     0  startup.o(RESET)
    Timer0B_Handler                          0x00000293   Thumb Code     0  startup.o(RESET)
    Timer1A_Handler                          0x00000293   Thumb Code     0  startup.o(RESET)
    Timer1B_Handler                          0x00000293   Thumb Code     0  startup.o(RESET)
    Timer2A_Handler                          0x00000293   Thumb Code     0  startup.o(RESET)
    Timer2B_Handler                          0x00000293   Thumb Code     0  startup.o(RESET)
    Timer3A_Handler                          0x00000293   Thumb Code     0  startup.o(RESET)
    Timer3B_Handler                          0x00000293   Thumb Code     0  startup.o(RESET)
    Timer4A_Handler                          0x00000293   Thumb Code     0  startup.o(RESET)
    Timer4B_Handler                          0x00000293   Thumb Code     0  startup.o(RESET)
    Timer5A_Handler                          0x00000293   Thumb Code     0  startup.o(RESET)
    Timer5B_Handler                          0x00000293   Thumb Code     0  startup.o(RESET)
    UART1_Handler                            0x00000293   Thumb Code     0  startup.o(RESET)
    UART2_Handler                            0x00000293   Thumb Code     0  startup.o(RESET)
    UART3_Handler                            0x00000293   Thumb Code     0  startup.o(RESET)
    UART4_Handler                            0x00000293   Thumb Code     0  startup.o(RESET)
    UART5_Handler                            0x00000293   Thumb Code     0  startup.o(RESET)
    UART6_Handler                            0x00000293   Thumb Code     0  startup.o(RESET)
    UART7_Handler                            0x00000293   Thumb Code     0  startup.o(RESET)
    USB0_Handler                             0x00000293   Thumb Code     0  startup.o(RESET)
    WDT_Handler                              0x00000293   Thumb Code     0  startup.o(RESET)
    WideTimer0A_Handler                      0x00000293   Thumb Code     0  startup.o(RESET)
    WideTimer0B_Handler                      0x00000293   Thumb Code     0  startup.o(RESET)
    WideTimer1A_Handler                      0x00000293   Thumb Code     0  startup.o(RESET)
    WideTimer1B_Handler                      0x00000293   Thumb Code     0  startup.o(RESET)
    WideTimer2A_Handler                      0x00000293   Thumb Code     0  startup.o(RESET)
    WideTimer2B_Handler                      0x00000293   Thumb Code     0  startup.o(RESET)
    WideTimer3A_Handler                      0x00000293   Thumb Code     0  startup.o(RESET)
    WideTimer3B_Handler                      0x00000293   Thumb Code     0  startup.o(RESET)
    WideTimer4A_Handler                      0x00000293   Thumb Code     0  startup.o(RESET)
    WideTimer4B_Handler                      0x00000293   Thumb Code     0  startup.o(RESET)
    WideTimer5A_Handler                      0x00000293   Thumb Code     0  startup.o(RESET)
    WideTimer5B_Handler                      0x00000293   Thumb Code     0  startup.o(RESET)
    uDMA_Error                               0x00000293   Thumb Code     0  startup.o(RESET)
    uDMA_Handler                             0x00000293   Thumb Code     0  startup.o(RESET)
    __main                                   0x00000295   Thumb Code     8  __main.o(!!!main)
    __scatterload                            0x0000029d   Thumb Code     0  __scatter.o(!!!scatter)
    __scatterload_rt2                        0x0000029d   Thumb Code    44  __scatter.o(!!!scatter)
    __scatterload_rt2_thumb_only             0x0000029d   Thumb Code     0  __scatter.o(!!!scatter)
    __scatterload_null                       0x000002ab   Thumb Code     0  __scatter.o(!!!scatter)
    __scatterload_copy                       0x000002d1   Thumb Code    26  __scatter_copy.o(!!handler_copy)
    __scatterload_zeroinit                   0x000002ed   Thumb Code    28  __scatter_zi.o(!!handler_zi)
    __rt_lib_init                            0x00000309   Thumb Code     0  libinit.o(.ARM.Collect$$libinit$$00000000)
    __rt_lib_init_fp_1                       0x0000030b   Thumb Code     0  libinit2.o(.ARM.Collect$$libinit$$00000001)
    __rt_lib_init_alloca_1                   0x0000030f   Thumb Code     0  libinit2.o(.ARM.Collect$$libinit$$0000002C)
    __rt_lib_init_argv_1                     0x0000030f   Thumb Code     0  libinit2.o(.ARM.Collect$$libinit$$0000002A)
    __rt_lib_init_atexit_1                   0x0000030f   Thumb Code     0  libinit2.o(.ARM.Collect$$libinit$$00000019)
    __rt_lib_init_clock_1                    0x0000030f   Thumb Code     0  libinit2.o(.ARM.Collect$$libinit$$0000001F)
    __rt_lib_init_cpp_1                      0x0000030f   Thumb Code     0  libinit2.o(.ARM.Collect$$libinit$$00000030)
    __rt_lib_init_exceptions_1               0x0000030f   Thumb Code     0  libinit2.o(.ARM.Collect$$libinit$$0000002E)
    __rt_lib_init_fp_trap_1                  0x0000030f   Thumb Code     0  libinit2.o(.ARM.Collect$$libinit$$0000001D)
    __rt_lib_init_getenv_1                   0x0000030f   Thumb Code     0  libinit2.o(.ARM.Collect$$libinit$$00000021)
    __rt_lib_init_heap_1                     0x0000030f   Thumb Code     0  libinit2.o(.ARM.Collect$$libinit$$00000008)
    __rt_lib_init_lc_collate_1               0x0000030f   Thumb Code     0  libinit2.o(.ARM.Collect$$libinit$$0000000F)
    __rt_lib_init_lc_ctype_1                 0x0000030f   Thumb Code     0  libinit2.o(.ARM.Collect$$libinit$$00000011)
    __rt_lib_init_lc_monetary_1              0x0000030f   Thumb Code     0  libinit2.o(.ARM.Collect$$libinit$$00000013)
    __rt_lib_init_lc_numeric_1               0x0000030f   Thumb Code     0  libinit2.o(.ARM.Collect$$libinit$$00000015)
    __rt_lib_init_lc_time_1                  0x0000030f   Thumb Code     0  libinit2.o(.ARM.Collect$$libinit$$00000017)
    __rt_lib_init_rand_1                     0x0000030f   Thumb Code     0  libinit2.o(.ARM.Collect$$libinit$$0000000C)
    __rt_lib_init_return                     0x0000030f   Thumb Code     0  libinit2.o(.ARM.Collect$$libinit$$00000031)
    __rt_lib_init_signal_1                   0x0000030f   Thumb Code     0  libinit2.o(.ARM.Collect$$libinit$$0000001B)
    __rt_lib_init_stdio_1                    0x0000030f   Thumb Code     0  libinit2.o(.ARM.Collect$$libinit$$00000023)
    __rt_lib_init_user_alloc_1               0x0000030f   Thumb Code     0  libinit2.o(.ARM.Collect$$libinit$$0000000A)
    __rt_lib_shutdown                        0x00000311   Thumb Code     0  libshutdown.o(.ARM.Collect$$libshutdown$$00000000)
    __rt_lib_shutdown_fp_trap_1              0x00000313   Thumb Code     0  libshutdown2.o(.ARM.Collect$$libshutdown$$00000006)
    __rt_lib_shutdown_heap_1                 0x00000313   Thumb Code     0  libshutdown2.o(.ARM.Collect$$libshutdown$$0000000E)
    __rt_lib_shutdown_return                 0x00000313   Thumb Code     0  libshutdown2.o(.ARM.Collect$$libshutdown$$0000000F)
    __rt_lib_shutdown_signal_1               0x00000313   Thumb Code     0  libshutdown2.o(.ARM.Collect$$libshutdown$$00000009)
    __rt_lib_shutdown_stdio_1                0x00000313   Thumb Code     0  libshutdown2.o(.ARM.Collect$$libshutdown$$00000003)
    __rt_lib_shutdown_user_alloc_1           0x00000313   Thumb Code     0  libshutdown2.o(.ARM.Collect$$libshutdown$$0000000B)
    __rt_entry                               0x00000315   Thumb Code     0  rtentry.o(.ARM.Collect$$rtentry$$00000000)
    __rt_entry_presh_1                       0x00000315   Thumb Code     0  rtentry2.o(.ARM.Collect$$rtentry$$00000002)
    __rt_entry_sh                            0x00000315   Thumb Code     0  rtentry4.o(.ARM.Collect$$rtentry$$00000004)
    __rt_entry_li                            0x0000031b   Thumb Code     0  rtentry2.o(.ARM.Collect$$rtentry$$0000000A)
    __rt_entry_postsh_1                      0x0000031b   Thumb Code     0  rtentry2.o(.ARM.Collect$$rtentry$$00000009)
    __rt_entry_main                          0x0000031f   Thumb Code     0  rtentry2.o(.ARM.Collect$$rtentry$$0000000D)
    __rt_entry_postli_1                      0x0000031f   Thumb Code     0  rtentry2.o(.ARM.Collect$$rtentry$$0000000C)
    __rt_exit                                0x00000327   Thumb Code     0  rtexit.o(.ARM.Collect$$rtexit$$00000000)
    __rt_exit_ls                             0x00000329   Thumb Code     0  rtexit2.o(.ARM.Collect$$rtexit$$00000003)
    __rt_exit_prels_1                        0x00000329   Thumb Code     0  rtexit2.o(.ARM.Collect$$rtexit$$00000002)
    __rt_exit_exit                           0x0000032d   Thumb Code     0  rtexit2.o(.ARM.Collect$$rtexit$$00000004)
    DisableInterrupts                        0x00000335   Thumb Code     0  startup.o(.text)
    EnableInterrupts                         0x00000339   Thumb Code     0  startup.o(.text)
    StartCritical                            0x0000033d   Thumb Code     0  startup.o(.text)
    EndCritical                              0x00000345   Thumb Code     0  startup.o(.text)
    WaitForInterrupt                         0x0000034b   Thumb Code     0  startup.o(.text)
    __user_initial_stackheap                 0x0000034f   Thumb Code     0  startup.o(.text)
    cr4_fft_64_stm32                         0x00000365   Thumb Code     0  cr4_fft_64_stm32.o(.text)
    PID_stm32                                0x00000635   Thumb Code     0  pid_stm32.o(.text)
    __use_two_region_memory                  0x0000067d   Thumb Code     2  heapauxi.o(.text)
    __rt_heap_escrow$2region                 0x0000067f   Thumb Code     2  heapauxi.o(.text)
    __rt_heap_expand$2region                 0x00000681   Thumb Code     2  heapauxi.o(.text)
    __user_setup_stackheap                   0x00000683   Thumb Code    74  sys_stackheap_outer.o(.text)
    exit                                     0x000006cd   Thumb Code    12  exit.o(.text)
    __user_libspace                          0x000006d9   Thumb Code     8  libspace.o(.text)
    __user_perproc_libspace                  0x000006d9   Thumb Code     0  libspace.o(.text)
    __user_perthread_libspace                0x000006d9   Thumb Code     0  libspace.o(.text)
    _sys_exit                                0x000006e1   Thumb Code     8  sys_exit.o(.text)
    __I$use$semihosting                      0x000006ed   Thumb Code     0  use_no_semi.o(.text)
    __use_no_semihosting_swi                 0x000006ed   Thumb Code     2  use_no_semi.o(.text)
    __semihosting_library_function           0x000006ef   Thumb Code     0  indicate_semi.o(.text)
    ADC0Seq3_Handler                         0x000006f1   Thumb Code    38  adc.o(i.ADC0Seq3_Handler)
    ADC_Open                                 0x00000729   Thumb Code   832  adc.o(i.ADC_Open)
    ButtonWork                               0x00000a85   Thumb Code   112  lab2.o(i.ButtonWork)
    Consumer                                 0x00000b49   Thumb Code   106  lab2.o(i.Consumer)
    DAS                                      0x00000bcd   Thumb Code   166  lab2.o(i.DAS)
    Display                                  0x00000c91   Thumb Code    76  lab2.o(i.Display)
    Filter                                   0x00000cfd   Thumb Code   186  lab2.o(i.Filter)
    Interpreter                              0x00000dc5   Thumb Code     2  lab2.o(i.Interpreter)
    OS_AddPeriodicThread                     0x00000dc7   Thumb Code     6  os.o(i.OS_AddPeriodicThread)
    OS_AddSW1Task                            0x00000dcd   Thumb Code     6  os.o(i.OS_AddSW1Task)
    OS_AddThread                             0x00000dd3   Thumb Code     6  os.o(i.OS_AddThread)
    OS_ClearMsTime                           0x00000dd9   Thumb Code     2  os.o(i.OS_ClearMsTime)
    OS_Fifo_Get                              0x00000ddb   Thumb Code     4  os.o(i.OS_Fifo_Get)
    OS_Fifo_Init                             0x00000ddf   Thumb Code     2  os.o(i.OS_Fifo_Init)
    OS_Id                                    0x00000de1   Thumb Code     4  os.o(i.OS_Id)
    OS_Init                                  0x00000de5   Thumb Code     2  os.o(i.OS_Init)
    OS_Kill                                  0x00000de7   Thumb Code     2  os.o(i.OS_Kill)
    OS_Launch                                0x00000de9   Thumb Code     2  os.o(i.OS_Launch)
    OS_MailBox_Init                          0x00000deb   Thumb Code     2  os.o(i.OS_MailBox_Init)
    OS_MailBox_Recv                          0x00000ded   Thumb Code     4  os.o(i.OS_MailBox_Recv)
    OS_MailBox_Send                          0x00000df1   Thumb Code     2  os.o(i.OS_MailBox_Send)
    OS_MsTime                                0x00000df3   Thumb Code     4  os.o(i.OS_MsTime)
    OS_Sleep                                 0x00000df7   Thumb Code     2  os.o(i.OS_Sleep)
    OS_Time                                  0x00000df9   Thumb Code     4  os.o(i.OS_Time)
    OS_TimeDifference                        0x00000dfd   Thumb Code     6  os.o(i.OS_TimeDifference)
    PID                                      0x00000e05   Thumb Code    96  lab2.o(i.PID)
    PortE_Init                               0x00000e81   Thumb Code    88  lab2.o(i.PortE_Init)
    RxFifo_Put                               0x00000ef5   Thumb Code    48  uart2.o(i.RxFifo_Put)
    RxFifo_Size                              0x00000f31   Thumb Code    14  uart2.o(i.RxFifo_Size)
    ST7735_DrawChar                          0x00000f49   Thumb Code   272  st7735.o(i.ST7735_DrawChar)
    ST7735_Message                           0x00001065   Thumb Code   150  st7735.o(i.ST7735_Message)
    SW1Push                                  0x000010fd   Thumb Code    38  lab2.o(i.SW1Push)
    TxFifo_Get                               0x0000112d   Thumb Code    46  uart2.o(i.TxFifo_Get)
    TxFifo_Size                              0x00001169   Thumb Code    14  uart2.o(i.TxFifo_Size)
    UART0_Handler                            0x00001181   Thumb Code    82  uart2.o(i.UART0_Handler)
    main                                     0x00001259   Thumb Code   136  lab2.o(i.main)
    _fp_init                                 0x000013e1   Thumb Code    10  fpinit.o(x$fpl$fpinit)
    __fplib_config_fpu_vfp                   0x000013e9   Thumb Code     0  fpinit.o(x$fpl$fpinit)
    __fplib_config_pureend_doubles           0x000013e9   Thumb Code     0  fpinit.o(x$fpl$fpinit)
    Region$$Table$$Base                      0x000019cc   Number         0  anon$$obj.o(Region$$Table)
    Region$$Table$$Limit                     0x000019ec   Number         0  anon$$obj.o(Region$$Table)
    NumCreated                               0x20000010   Data           4  lab2.o(.data)
    PIDWork                                  0x20000014   Data           4  lab2.o(.data)
    FilterWork                               0x20000018   Data           4  lab2.o(.data)
    NumSamples                               0x2000001c   Data           4  lab2.o(.data)
    DataLost                                 0x20000020   Data           4  lab2.o(.data)
    MaxJitter                                0x20000024   Data           4  lab2.o(.data)
    DASoutput                                0x20000028   Data           4  lab2.o(.data)
    IntTerm                                  0x2000002c   Data           2  lab2.o(.data)
    PrevError                                0x2000002e   Data           2  lab2.o(.data)
    Coeff                                    0x20000030   Data           6  lab2.o(.data)
    Actuator                                 0x20000036   Data           2  lab2.o(.data)
    Count1                                   0x20000038   Data           4  lab2.o(.data)
    Count2                                   0x2000003c   Data           4  lab2.o(.data)
    Count3                                   0x20000040   Data           4  lab2.o(.data)
    Count4                                   0x20000044   Data           4  lab2.o(.data)
    Count5                                   0x20000048   Data           4  lab2.o(.data)
    Readyc                                   0x2000004c   Data           4  lab2.o(.data)
    Lost                                     0x20000050   Data           4  lab2.o(.data)
    Readyd                                   0x20000054   Data           4  lab2.o(.data)
    CountA                                   0x20000058   Data           4  lab2.o(.data)
    CountB                                   0x2000005c   Data           4  lab2.o(.data)
    s                                        0x20000060   Data           4  lab2.o(.data)
    SignalCount1                             0x20000064   Data           4  lab2.o(.data)
    SignalCount2                             0x20000068   Data           4  lab2.o(.data)
    SignalCount3                             0x2000006c   Data           4  lab2.o(.data)
    WaitCount1                               0x20000070   Data           4  lab2.o(.data)
    WaitCount2                               0x20000074   Data           4  lab2.o(.data)
    WaitCount3                               0x20000078   Data           4  lab2.o(.data)
    ADCvalue                                 0x2000007c   Data           4  adc.o(.data)
    RxPutI                                   0x20000088   Data           4  uart2.o(.data)
    RxGetI                                   0x2000008c   Data           4  uart2.o(.data)
    TxPutI                                   0x20000090   Data           4  uart2.o(.data)
    TxGetI                                   0x20000094   Data           4  uart2.o(.data)
    JitterHistogram                          0x20000098   Data         256  lab2.o(.bss)
    x                                        0x200001c8   Data         256  lab2.o(.bss)
    y                                        0x200002c8   Data         256  lab2.o(.bss)
    DataBuffer                               0x200003c8   Data         800  adc.o(.bss)
    __libspace_start                         0x20000708   Data          96  libspace.o(.bss)
    __temporary_stack_top$libspace           0x20000768   Data           0  libspace.o(.bss)



==============================================================================

Memory Map of the image

  Image Entry point : 0x0000026d

  Load Region LR_1 (Base: 0x00000000, Size: 0x00001a84, Max: 0xffffffff, ABSOLUTE)

    Execution Region ER_RO (Base: 0x00000000, Size: 0x000019ec, Max: 0xffffffff, ABSOLUTE)

    Base Addr    Size         Type   Attr      Idx    E Section Name        Object

    0x00000000   0x00000294   Code   RO          696  * RESET               startup.o
    0x00000294   0x00000008   Code   RO          876  * !!!main             c_w.l(__main.o)
    0x0000029c   0x00000034   Code   RO         1030    !!!scatter          c_w.l(__scatter.o)
    0x000002d0   0x0000001a   Code   RO         1032    !!handler_copy      c_w.l(__scatter_copy.o)
    0x000002ea   0x00000002   PAD
    0x000002ec   0x0000001c   Code   RO         1034    !!handler_zi        c_w.l(__scatter_zi.o)
    0x00000308   0x00000002   Code   RO          903    .ARM.Collect$$libinit$$00000000  c_w.l(libinit.o)
    0x0000030a   0x00000004   Code   RO          909    .ARM.Collect$$libinit$$00000001  c_w.l(libinit2.o)
    0x0000030e   0x00000000   Code   RO          913    .ARM.Collect$$libinit$$00000008  c_w.l(libinit2.o)
    0x0000030e   0x00000000   Code   RO          915    .ARM.Collect$$libinit$$0000000A  c_w.l(libinit2.o)
    0x0000030e   0x00000000   Code   RO          917    .ARM.Collect$$libinit$$0000000C  c_w.l(libinit2.o)
    0x0000030e   0x00000000   Code   RO          920    .ARM.Collect$$libinit$$0000000F  c_w.l(libinit2.o)
    0x0000030e   0x00000000   Code   RO          922    .ARM.Collect$$libinit$$00000011  c_w.l(libinit2.o)
    0x0000030e   0x00000000   Code   RO          924    .ARM.Collect$$libinit$$00000013  c_w.l(libinit2.o)
    0x0000030e   0x00000000   Code   RO          926    .ARM.Collect$$libinit$$00000015  c_w.l(libinit2.o)
    0x0000030e   0x00000000   Code   RO          928    .ARM.Collect$$libinit$$00000017  c_w.l(libinit2.o)
    0x0000030e   0x00000000   Code   RO          930    .ARM.Collect$$libinit$$00000019  c_w.l(libinit2.o)
    0x0000030e   0x00000000   Code   RO          932    .ARM.Collect$$libinit$$0000001B  c_w.l(libinit2.o)
    0x0000030e   0x00000000   Code   RO          934    .ARM.Collect$$libinit$$0000001D  c_w.l(libinit2.o)
    0x0000030e   0x00000000   Code   RO          936    .ARM.Collect$$libinit$$0000001F  c_w.l(libinit2.o)
    0x0000030e   0x00000000   Code   RO          938    .ARM.Collect$$libinit$$00000021  c_w.l(libinit2.o)
    0x0000030e   0x00000000   Code   RO          940    .ARM.Collect$$libinit$$00000023  c_w.l(libinit2.o)
    0x0000030e   0x00000000   Code   RO          944    .ARM.Collect$$libinit$$0000002A  c_w.l(libinit2.o)
    0x0000030e   0x00000000   Code   RO          946    .ARM.Collect$$libinit$$0000002C  c_w.l(libinit2.o)
    0x0000030e   0x00000000   Code   RO          948    .ARM.Collect$$libinit$$0000002E  c_w.l(libinit2.o)
    0x0000030e   0x00000000   Code   RO          950    .ARM.Collect$$libinit$$00000030  c_w.l(libinit2.o)
    0x0000030e   0x00000002   Code   RO          951    .ARM.Collect$$libinit$$00000031  c_w.l(libinit2.o)
    0x00000310   0x00000002   Code   RO          971    .ARM.Collect$$libshutdown$$00000000  c_w.l(libshutdown.o)
    0x00000312   0x00000000   Code   RO          985    .ARM.Collect$$libshutdown$$00000003  c_w.l(libshutdown2.o)
    0x00000312   0x00000000   Code   RO          988    .ARM.Collect$$libshutdown$$00000006  c_w.l(libshutdown2.o)
    0x00000312   0x00000000   Code   RO          991    .ARM.Collect$$libshutdown$$00000009  c_w.l(libshutdown2.o)
    0x00000312   0x00000000   Code   RO          993    .ARM.Collect$$libshutdown$$0000000B  c_w.l(libshutdown2.o)
    0x00000312   0x00000000   Code   RO          996    .ARM.Collect$$libshutdown$$0000000E  c_w.l(libshutdown2.o)
    0x00000312   0x00000002   Code   RO          997    .ARM.Collect$$libshutdown$$0000000F  c_w.l(libshutdown2.o)
    0x00000314   0x00000000   Code   RO          878    .ARM.Collect$$rtentry$$00000000  c_w.l(rtentry.o)
    0x00000314   0x00000000   Code   RO          880    .ARM.Collect$$rtentry$$00000002  c_w.l(rtentry2.o)
    0x00000314   0x00000006   Code   RO          892    .ARM.Collect$$rtentry$$00000004  c_w.l(rtentry4.o)
    0x0000031a   0x00000000   Code   RO          882    .ARM.Collect$$rtentry$$00000009  c_w.l(rtentry2.o)
    0x0000031a   0x00000004   Code   RO          883    .ARM.Collect$$rtentry$$0000000A  c_w.l(rtentry2.o)
    0x0000031e   0x00000000   Code   RO          885    .ARM.Collect$$rtentry$$0000000C  c_w.l(rtentry2.o)
    0x0000031e   0x00000008   Code   RO          886    .ARM.Collect$$rtentry$$0000000D  c_w.l(rtentry2.o)
    0x00000326   0x00000002   Code   RO          907    .ARM.Collect$$rtexit$$00000000  c_w.l(rtexit.o)
    0x00000328   0x00000000   Code   RO          953    .ARM.Collect$$rtexit$$00000002  c_w.l(rtexit2.o)
    0x00000328   0x00000004   Code   RO          954    .ARM.Collect$$rtexit$$00000003  c_w.l(rtexit2.o)
    0x0000032c   0x00000006   Code   RO          955    .ARM.Collect$$rtexit$$00000004  c_w.l(rtexit2.o)
    0x00000332   0x00000002   PAD
    0x00000334   0x00000030   Code   RO          697    .text               startup.o
    0x00000364   0x000002ce   Code   RO          866    .text               cr4_fft_64_stm32.o
    0x00000632   0x00000002   PAD
    0x00000634   0x00000048   Code   RO          869    .text               pid_stm32.o
    0x0000067c   0x00000006   Code   RO          874    .text               c_w.l(heapauxi.o)
    0x00000682   0x0000004a   Code   RO          894    .text               c_w.l(sys_stackheap_outer.o)
    0x000006cc   0x0000000c   Code   RO          896    .text               c_w.l(exit.o)
    0x000006d8   0x00000008   Code   RO          904    .text               c_w.l(libspace.o)
    0x000006e0   0x0000000c   Code   RO          963    .text               c_w.l(sys_exit.o)
    0x000006ec   0x00000002   Code   RO          974    .text               c_w.l(use_no_semi.o)
    0x000006ee   0x00000000   Code   RO          976    .text               c_w.l(indicate_semi.o)
    0x000006ee   0x00000002   PAD
    0x000006f0   0x00000038   Code   RO          335    i.ADC0Seq3_Handler  adc.o
    0x00000728   0x0000035c   Code   RO          339    i.ADC_Open          adc.o
    0x00000a84   0x000000c4   Code   RO            5    i.ButtonWork        lab2.o
    0x00000b48   0x00000084   Code   RO            6    i.Consumer          lab2.o
    0x00000bcc   0x000000c4   Code   RO            7    i.DAS               lab2.o
    0x00000c90   0x0000006c   Code   RO            8    i.Display           lab2.o
    0x00000cfc   0x000000c8   Code   RO            9    i.Filter            lab2.o
    0x00000dc4   0x00000002   Code   RO           10    i.Interpreter       lab2.o
    0x00000dc6   0x00000006   Code   RO          704    i.OS_AddPeriodicThread  os.o
    0x00000dcc   0x00000006   Code   RO          705    i.OS_AddSW1Task     os.o
    0x00000dd2   0x00000006   Code   RO          707    i.OS_AddThread      os.o
    0x00000dd8   0x00000002   Code   RO          708    i.OS_ClearMsTime    os.o
    0x00000dda   0x00000004   Code   RO          709    i.OS_Fifo_Get       os.o
    0x00000dde   0x00000002   Code   RO          710    i.OS_Fifo_Init      os.o
    0x00000de0   0x00000004   Code   RO          713    i.OS_Id             os.o
    0x00000de4   0x00000002   Code   RO          714    i.OS_Init           os.o
    0x00000de6   0x00000002   Code   RO          716    i.OS_Kill           os.o
    0x00000de8   0x00000002   Code   RO          717    i.OS_Launch         os.o
    0x00000dea   0x00000002   Code   RO          718    i.OS_MailBox_Init   os.o
    0x00000dec   0x00000004   Code   RO          719    i.OS_MailBox_Recv   os.o
    0x00000df0   0x00000002   Code   RO          720    i.OS_MailBox_Send   os.o
    0x00000df2   0x00000004   Code   RO          721    i.OS_MsTime         os.o
    0x00000df6   0x00000002   Code   RO          723    i.OS_Sleep          os.o
    0x00000df8   0x00000004   Code   RO          725    i.OS_Time           os.o
    0x00000dfc   0x00000006   Code   RO          726    i.OS_TimeDifference  os.o
    0x00000e02   0x00000002   PAD
    0x00000e04   0x0000007c   Code   RO           13    i.PID               lab2.o
    0x00000e80   0x00000074   Code   RO           14    i.PortE_Init        lab2.o
    0x00000ef4   0x0000003c   Code   RO          535    i.RxFifo_Put        uart2.o
    0x00000f30   0x00000018   Code   RO          536    i.RxFifo_Size       uart2.o
    0x00000f48   0x0000011c   Code   RO          391    i.ST7735_DrawChar   st7735.o
    0x00001064   0x00000096   Code   RO          401    i.ST7735_Message    st7735.o
    0x000010fa   0x00000002   PAD
    0x000010fc   0x00000030   Code   RO           17    i.SW1Push           lab2.o
    0x0000112c   0x0000003c   Code   RO          537    i.TxFifo_Get        uart2.o
    0x00001168   0x00000018   Code   RO          540    i.TxFifo_Size       uart2.o
    0x00001180   0x00000058   Code   RO          541    i.UART0_Handler     uart2.o
    0x000011d8   0x00000028   Code   RO          551    i.copyHardwareToSoftware  uart2.o
    0x00001200   0x0000002c   Code   RO          552    i.copySoftwareToHardware  uart2.o
    0x0000122c   0x0000002c   Code   RO          406    i.findDigits        st7735.o
    0x00001258   0x000000b0   Code   RO           51    i.main              lab2.o
    0x00001308   0x00000012   Code   RO          407    i.pushColor         st7735.o
    0x0000131a   0x00000002   PAD
    0x0000131c   0x00000074   Code   RO          408    i.setAddrWindow     st7735.o
    0x00001390   0x00000030   Code   RO          409    i.writecommand      st7735.o
    0x000013c0   0x00000020   Code   RO          410    i.writedata         st7735.o
    0x000013e0   0x0000000a   Code   RO          961    x$fpl$fpinit        fz_wm.l(fpinit.o)
    0x000013ea   0x000005e2   Data   RO          411    .constdata          st7735.o
    0x000019cc   0x00000020   Data   RO         1028    Region$$Table       anon$$obj.o


    Execution Region ER_RW (Base: 0x20000000, Size: 0x00000098, Max: 0xffffffff, ABSOLUTE)

    Base Addr    Size         Type   Attr      Idx    E Section Name        Object

    0x20000000   0x0000007c   Data   RW           54    .data               lab2.o
    0x2000007c   0x00000004   Data   RW          343    .data               adc.o
    0x20000080   0x00000008   Data   RW          412    .data               st7735.o
    0x20000088   0x00000010   Data   RW          554    .data               uart2.o


    Execution Region ER_ZI (Base: 0x20000098, Size: 0x00000ad0, Max: 0xffffffff, ABSOLUTE)

    Base Addr    Size         Type   Attr      Idx    E Section Name        Object

    0x20000098   0x00000330   Zero   RW           52    .bss                lab2.o
    0x200003c8   0x00000320   Zero   RW          342    .bss                adc.o
    0x200006e8   0x00000020   Zero   RW          553    .bss                uart2.o
    0x20000708   0x00000060   Zero   RW          905    .bss                c_w.l(libspace.o)
    0x20000768   0x00000000   Zero   RW          695    HEAP                startup.o
    0x20000768   0x00000400   Zero   RW          694    STACK               startup.o


==============================================================================

Image component sizes


      Code (inc. data)   RO Data    RW Data    ZI Data      Debug   Object Name

       916         70          0          4        800       6304   adc.o
       718        240          0          0          0        232   cr4_fft_64_stm32.o
      1298        292          0        124        816      10648   lab2.o
        60          0          0          0          0       7343   os.o
        72          8          0          0          0        196   pid_stm32.o
       692         38       1506          8          0       6847   st7735.o
       708        632          0          0       1024        936   startup.o
       340         62          0         16         32       5384   uart2.o

    ----------------------------------------------------------------------
      4812       1344       1538        152       2672      37890   Object Totals
         0          0         32          0          0          0   (incl. Generated)
         8          2          0          0          0          0   (incl. Padding)

    ----------------------------------------------------------------------

      Code (inc. data)   RO Data    RW Data    ZI Data      Debug   Library Member Name

         8          0          0          0          0         68   __main.o
        52          8          0          0          0          0   __scatter.o
        26          0          0          0          0          0   __scatter_copy.o
        28          0          0          0          0          0   __scatter_zi.o
        12          0          0          0          0         72   exit.o
         6          0          0          0          0        152   heapauxi.o
         0          0          0          0          0          0   indicate_semi.o
         2          0          0          0          0          0   libinit.o
         6          0          0          0          0          0   libinit2.o
         2          0          0          0          0          0   libshutdown.o
         2          0          0          0          0          0   libshutdown2.o
         8          4          0          0         96         68   libspace.o
         0          0          0          0          0          0   rtentry.o
        12          0          0          0          0          0   rtentry2.o
         6          0          0          0          0          0   rtentry4.o
         2          0          0          0          0          0   rtexit.o
        10          0          0          0          0          0   rtexit2.o
        12          4          0          0          0         68   sys_exit.o
        74          0          0          0          0         80   sys_stackheap_outer.o
         2          0          0          0          0         68   use_no_semi.o
        10          0          0          0          0        116   fpinit.o

    ----------------------------------------------------------------------
       286         16          0          0         96        692   Library Totals
         6          0          0          0          0          0   (incl. Padding)

    ----------------------------------------------------------------------

      Code (inc. data)   RO Data    RW Data    ZI Data      Debug   Library Name

       270         16          0          0         96        576   c_w.l
        10          0          0          0          0        116   fz_wm.l

    ----------------------------------------------------------------------
       286         16          0          0         96        692   Library Totals

    ----------------------------------------------------------------------

==============================================================================


      Code (inc. data)   RO Data    RW Data    ZI Data      Debug   

      5098       1360       1538        152       2768      34622   Grand Totals
      5098       1360       1538        152       2768      34622   ELF Image Totals
      5098       1360       1538        152          0          0   ROM Totals

==============================================================================

    Total RO  Size (Code + RO Data)                 6636 (   6.48kB)
    Total RW  Size (RW Data + ZI Data)              2920 (   2.85kB)
    Total ROM Size (Code + RO Data + RW Data)       6788 (   6.63kB)

==============================================================================

